Warning: Created physical library cell for logical library cell SYHVTFA55_64X25X1CM2. (OPT-1413)
Warning: Created physical library cell for logical library cell SYHVTFA55_64X64X1CM2. (OPT-1413)
Warning: Created physical library cell for logical library cell hpdcache_sram_1rw_00000006_0000001c_00000040. (OPT-1413)
Warning: Created physical library cell for logical library cell hpdcache_sram_wbyteenable_1rw_00000007_00000040_00000080. (OPT-1413)
 
****************************************
Report : area
Design : cva6
Version: S-2021.06-SP4
Date   : Thu Nov 14 12:00:10 2024
****************************************

Library(s) Used:

    u055lscee12bdh_108c125_wc (File: /techno/PDK/UMC/UMC55/common/stdcells/G-9LT-EFLASH_EE2PROM55N-LP_SPLIT_GATE_UM055LSCEE12BDH-LIBRARY_TAPE_OUT_KIT-Ver.B02_PB/synopsys/u055lscee12bdh_108c125_wc.db)
    SYHVTFA55_64X64X1CM2_ss1p08v125c (File: /shares/common/tools/RAMs/SYHVTFA55_64X64X1CM2/SYHVTFA55_64X64X1CM2_ss1p08v125c.db)
    SYHVTFA55_64X25X1CM2_ss1p08v125c (File: /shares/common/tools/RAMs/SYHVTFA55_64X25X1CM2/SYHVTFA55_64X25X1CM2_ss1p08v125c.db)

Number of ports:                        83360
Number of nets:                        105027
Number of cells:                        70151
Number of combinational cells:          54379
Number of sequential cells:              7698
Number of macros/black boxes:              10
Number of buf/inv:                      13626
Number of references:                      24

Combinational area:              94183.599903
Buf/Inv area:                    13796.439758
Noncombinational area:           48549.760161
Macro/Black Box area:            57086.469727
Net Interconnect area:      undefined  (Wire load has zero net area)

Total cell area:                199819.829791
Total area:                 undefined

Core Area:                    368448
Aspect Ratio:                 1.0020
Utilization Ratio:            0.3967


The above information was reported from the logical library. The following are from the physical library:

  Total moveable cell area: 149479.2
  Total fixed cell area: 0.0
  Total physical cell area: 149479.2
 Core area: 0.000, 0.000, 606.400, 607.600

Hierarchical area distribution
------------------------------

                                  Global cell area               Local cell area
                                  --------------------  ---------------------------------- 
Hierarchical cell                 Absolute     Percent  Combi-      Noncombi-   Black-
                                  Total        Total    national    national    boxes       Design
--------------------------------  -----------  -------  ----------  ----------  ----------  ----------------------------------------------------------------------------------
cva6                              199819.8298    100.0   2973.0399      0.0000      0.0000  cva6
commit_stage_i                       395.6400      0.2    395.6400      0.0000      0.0000  commit_stage__526242
controller_i                          39.4800      0.0     39.4800      0.0000      0.0000  controller__488242
csr_regfile_i                       8660.1200      4.3   4703.4400   3855.8800      0.0000  csr_regfile_00000006_191242
csr_regfile_i/clk_gate_dcache_q_reg      5.0400     0.0     0.0000      5.0400      0.0000  SNPS_CLOCK_GATE_HIGH_csr_regfile_00000006_191242_20
csr_regfile_i/clk_gate_instret_q_reg_2      5.0400     0.0     0.0000     5.0400     0.0000 SNPS_CLOCK_GATE_HIGH_csr_regfile_00000006_191242_13
csr_regfile_i/clk_gate_instret_q_reg_3      5.0400     0.0     0.0000     5.0400     0.0000 SNPS_CLOCK_GATE_HIGH_csr_regfile_00000006_191242_11_12
csr_regfile_i/clk_gate_mcause_q_reg_0      5.0400     0.0     0.0000     5.0400     0.0000  SNPS_CLOCK_GATE_HIGH_csr_regfile_00000006_191242_8_9
csr_regfile_i/clk_gate_mepc_q_reg_1      5.0400     0.0     0.0000      5.0400      0.0000  SNPS_CLOCK_GATE_HIGH_csr_regfile_00000006_191242_9_10
csr_regfile_i/clk_gate_mscratch_q_reg_0      5.0400     0.0     0.0000     5.0400     0.0000 SNPS_CLOCK_GATE_HIGH_csr_regfile_00000006_191242_12_13
csr_regfile_i/clk_gate_mtvec_q_reg_1      5.0400     0.0     0.0000     5.0400      0.0000  SNPS_CLOCK_GATE_HIGH_csr_regfile_00000006_191242_10_11
csr_regfile_i/clk_gate_pmpaddr_q_reg_0__0      5.0400     0.0     0.0000     5.0400     0.0000 SNPS_CLOCK_GATE_HIGH_csr_regfile_00000006_191242_7_8
csr_regfile_i/clk_gate_pmpaddr_q_reg_1__0      5.0400     0.0     0.0000     5.0400     0.0000 SNPS_CLOCK_GATE_HIGH_csr_regfile_00000006_191242_6_7
csr_regfile_i/clk_gate_pmpaddr_q_reg_2__0      5.0400     0.0     0.0000     5.0400     0.0000 SNPS_CLOCK_GATE_HIGH_csr_regfile_00000006_191242_5_6
csr_regfile_i/clk_gate_pmpaddr_q_reg_3__0      5.0400     0.0     0.0000     5.0400     0.0000 SNPS_CLOCK_GATE_HIGH_csr_regfile_00000006_191242_4_5
csr_regfile_i/clk_gate_pmpaddr_q_reg_4__0      5.0400     0.0     0.0000     5.0400     0.0000 SNPS_CLOCK_GATE_HIGH_csr_regfile_00000006_191242_3_4
csr_regfile_i/clk_gate_pmpaddr_q_reg_5__0      5.0400     0.0     0.0000     5.0400     0.0000 SNPS_CLOCK_GATE_HIGH_csr_regfile_00000006_191242_2_3
csr_regfile_i/clk_gate_pmpaddr_q_reg_6__0      5.0400     0.0     0.0000     5.0400     0.0000 SNPS_CLOCK_GATE_HIGH_csr_regfile_00000006_191242_1_2
csr_regfile_i/clk_gate_pmpaddr_q_reg_7__0      5.0400     0.0     0.0000     5.0400     0.0000 SNPS_CLOCK_GATE_HIGH_csr_regfile_00000006_191242_0_1
csr_regfile_i/clk_gate_pmpcfg_q_reg_2__access_type__r_      5.0400     0.0     0.0000     5.0400     0.0000 SNPS_CLOCK_GATE_HIGH_csr_regfile_00000006_191242_7
csr_regfile_i/clk_gate_pmpcfg_q_reg_3__access_type__r_      5.0400     0.0     0.0000     5.0400     0.0000 SNPS_CLOCK_GATE_HIGH_csr_regfile_00000006_191242_8
csr_regfile_i/clk_gate_pmpcfg_q_reg_5__addr_mode__0      5.0400     0.0     0.0000     5.0400     0.0000 SNPS_CLOCK_GATE_HIGH_csr_regfile_00000006_191242_43
csr_regfile_i/clk_gate_pmpcfg_q_reg_6__access_type__r_      5.0400     0.0     0.0000     5.0400     0.0000 SNPS_CLOCK_GATE_HIGH_csr_regfile_00000006_191242_11
csr_regfile_i/clk_gate_pmpcfg_q_reg_7__access_type__r_      5.0400     0.0     0.0000     5.0400     0.0000 SNPS_CLOCK_GATE_HIGH_csr_regfile_00000006_191242_12
ex_stage_i                         33199.8800     16.6   1996.4000      0.0000      0.0000  ex_stage__822242
ex_stage_i/alu2_gen_alu2_i          4466.8400      2.2   4129.1600      0.0000      0.0000  alu_0_646242
ex_stage_i/alu2_gen_alu2_i/gen_bitmanip_i_clz_64b     78.4000     0.0    78.4000     0.0000     0.0000 lzc_00000020_1_2
ex_stage_i/alu2_gen_alu2_i/gen_bitmanip_i_cpop_count    259.2800     0.1    28.0000     0.0000     0.0000 popcount_00000020_0
ex_stage_i/alu2_gen_alu2_i/gen_bitmanip_i_cpop_count/non_leaf_node_left_child    115.0800     0.1    21.0000     0.0000     0.0000 popcount_00000010_1
ex_stage_i/alu2_gen_alu2_i/gen_bitmanip_i_cpop_count/non_leaf_node_left_child/non_leaf_node_left_child     47.0400     0.0    15.1200     0.0000     0.0000 popcount_00000008_3
ex_stage_i/alu2_gen_alu2_i/gen_bitmanip_i_cpop_count/non_leaf_node_left_child/non_leaf_node_left_child/non_leaf_node_left_child     15.9600     0.0     9.2400     0.0000     0.0000 popcount_00000004_7
ex_stage_i/alu2_gen_alu2_i/gen_bitmanip_i_cpop_count/non_leaf_node_left_child/non_leaf_node_left_child/non_leaf_node_left_child/non_leaf_node_left_child      3.3600     0.0     3.3600     0.0000     0.0000 popcount_00000002_15
ex_stage_i/alu2_gen_alu2_i/gen_bitmanip_i_cpop_count/non_leaf_node_left_child/non_leaf_node_left_child/non_leaf_node_left_child/non_leaf_node_right_child      3.3600     0.0     3.3600     0.0000     0.0000 popcount_00000002_14
ex_stage_i/alu2_gen_alu2_i/gen_bitmanip_i_cpop_count/non_leaf_node_left_child/non_leaf_node_left_child/non_leaf_node_right_child     15.9600     0.0     9.2400     0.0000     0.0000 popcount_00000004_6
ex_stage_i/alu2_gen_alu2_i/gen_bitmanip_i_cpop_count/non_leaf_node_left_child/non_leaf_node_left_child/non_leaf_node_right_child/non_leaf_node_left_child      3.3600     0.0     3.3600     0.0000     0.0000 popcount_00000002_13
ex_stage_i/alu2_gen_alu2_i/gen_bitmanip_i_cpop_count/non_leaf_node_left_child/non_leaf_node_left_child/non_leaf_node_right_child/non_leaf_node_right_child      3.3600     0.0     3.3600     0.0000     0.0000 popcount_00000002_12
ex_stage_i/alu2_gen_alu2_i/gen_bitmanip_i_cpop_count/non_leaf_node_left_child/non_leaf_node_right_child     47.0400     0.0    15.1200     0.0000     0.0000 popcount_00000008_2
ex_stage_i/alu2_gen_alu2_i/gen_bitmanip_i_cpop_count/non_leaf_node_left_child/non_leaf_node_right_child/non_leaf_node_left_child     15.9600     0.0     9.2400     0.0000     0.0000 popcount_00000004_5
ex_stage_i/alu2_gen_alu2_i/gen_bitmanip_i_cpop_count/non_leaf_node_left_child/non_leaf_node_right_child/non_leaf_node_left_child/non_leaf_node_left_child      3.3600     0.0     3.3600     0.0000     0.0000 popcount_00000002_11
ex_stage_i/alu2_gen_alu2_i/gen_bitmanip_i_cpop_count/non_leaf_node_left_child/non_leaf_node_right_child/non_leaf_node_left_child/non_leaf_node_right_child      3.3600     0.0     3.3600     0.0000     0.0000 popcount_00000002_10
ex_stage_i/alu2_gen_alu2_i/gen_bitmanip_i_cpop_count/non_leaf_node_left_child/non_leaf_node_right_child/non_leaf_node_right_child     15.9600     0.0     9.2400     0.0000     0.0000 popcount_00000004_4
ex_stage_i/alu2_gen_alu2_i/gen_bitmanip_i_cpop_count/non_leaf_node_left_child/non_leaf_node_right_child/non_leaf_node_right_child/non_leaf_node_left_child      3.3600     0.0     3.3600     0.0000     0.0000 popcount_00000002_9
ex_stage_i/alu2_gen_alu2_i/gen_bitmanip_i_cpop_count/non_leaf_node_left_child/non_leaf_node_right_child/non_leaf_node_right_child/non_leaf_node_right_child      3.3600     0.0     3.3600     0.0000     0.0000 popcount_00000002_8
ex_stage_i/alu2_gen_alu2_i/gen_bitmanip_i_cpop_count/non_leaf_node_right_child    116.2000     0.1    22.1200     0.0000     0.0000 popcount_00000010_0
ex_stage_i/alu2_gen_alu2_i/gen_bitmanip_i_cpop_count/non_leaf_node_right_child/non_leaf_node_left_child     47.0400     0.0    15.1200     0.0000     0.0000 popcount_00000008_1
ex_stage_i/alu2_gen_alu2_i/gen_bitmanip_i_cpop_count/non_leaf_node_right_child/non_leaf_node_left_child/non_leaf_node_left_child     15.9600     0.0     9.2400     0.0000     0.0000 popcount_00000004_3
ex_stage_i/alu2_gen_alu2_i/gen_bitmanip_i_cpop_count/non_leaf_node_right_child/non_leaf_node_left_child/non_leaf_node_left_child/non_leaf_node_left_child      3.3600     0.0     3.3600     0.0000     0.0000 popcount_00000002_7
ex_stage_i/alu2_gen_alu2_i/gen_bitmanip_i_cpop_count/non_leaf_node_right_child/non_leaf_node_left_child/non_leaf_node_left_child/non_leaf_node_right_child      3.3600     0.0     3.3600     0.0000     0.0000 popcount_00000002_6
ex_stage_i/alu2_gen_alu2_i/gen_bitmanip_i_cpop_count/non_leaf_node_right_child/non_leaf_node_left_child/non_leaf_node_right_child     15.9600     0.0     9.2400     0.0000     0.0000 popcount_00000004_2
ex_stage_i/alu2_gen_alu2_i/gen_bitmanip_i_cpop_count/non_leaf_node_right_child/non_leaf_node_left_child/non_leaf_node_right_child/non_leaf_node_left_child      3.3600     0.0     3.3600     0.0000     0.0000 popcount_00000002_5
ex_stage_i/alu2_gen_alu2_i/gen_bitmanip_i_cpop_count/non_leaf_node_right_child/non_leaf_node_left_child/non_leaf_node_right_child/non_leaf_node_right_child      3.3600     0.0     3.3600     0.0000     0.0000 popcount_00000002_4
ex_stage_i/alu2_gen_alu2_i/gen_bitmanip_i_cpop_count/non_leaf_node_right_child/non_leaf_node_right_child     47.0400     0.0    15.1200     0.0000     0.0000 popcount_00000008_0
ex_stage_i/alu2_gen_alu2_i/gen_bitmanip_i_cpop_count/non_leaf_node_right_child/non_leaf_node_right_child/non_leaf_node_left_child     15.9600     0.0     9.2400     0.0000     0.0000 popcount_00000004_1
ex_stage_i/alu2_gen_alu2_i/gen_bitmanip_i_cpop_count/non_leaf_node_right_child/non_leaf_node_right_child/non_leaf_node_left_child/non_leaf_node_left_child      3.3600     0.0     3.3600     0.0000     0.0000 popcount_00000002_3
ex_stage_i/alu2_gen_alu2_i/gen_bitmanip_i_cpop_count/non_leaf_node_right_child/non_leaf_node_right_child/non_leaf_node_left_child/non_leaf_node_right_child      3.3600     0.0     3.3600     0.0000     0.0000 popcount_00000002_2
ex_stage_i/alu2_gen_alu2_i/gen_bitmanip_i_cpop_count/non_leaf_node_right_child/non_leaf_node_right_child/non_leaf_node_right_child     15.9600     0.0     9.2400     0.0000     0.0000 popcount_00000004_0
ex_stage_i/alu2_gen_alu2_i/gen_bitmanip_i_cpop_count/non_leaf_node_right_child/non_leaf_node_right_child/non_leaf_node_right_child/non_leaf_node_left_child      3.3600     0.0     3.3600     0.0000     0.0000 popcount_00000002_1
ex_stage_i/alu2_gen_alu2_i/gen_bitmanip_i_cpop_count/non_leaf_node_right_child/non_leaf_node_right_child/non_leaf_node_right_child/non_leaf_node_right_child      3.3600     0.0     3.3600     0.0000     0.0000 popcount_00000002_0
ex_stage_i/alu_i                    4804.5200      2.4   4464.8800      0.0000      0.0000  alu_1_646242
ex_stage_i/alu_i/gen_bitmanip_i_clz_64b     80.3600     0.0    80.3600     0.0000     0.0000 lzc_00000020_1_3
ex_stage_i/alu_i/gen_bitmanip_i_cpop_count    259.2800     0.1    28.0000     0.0000     0.0000 popcount_00000020_1
ex_stage_i/alu_i/gen_bitmanip_i_cpop_count/non_leaf_node_left_child    116.2000     0.1    22.1200     0.0000     0.0000 popcount_00000010_3
ex_stage_i/alu_i/gen_bitmanip_i_cpop_count/non_leaf_node_left_child/non_leaf_node_left_child     47.0400     0.0    15.1200     0.0000     0.0000 popcount_00000008_7
ex_stage_i/alu_i/gen_bitmanip_i_cpop_count/non_leaf_node_left_child/non_leaf_node_left_child/non_leaf_node_left_child     15.9600     0.0     9.2400     0.0000     0.0000 popcount_00000004_15
ex_stage_i/alu_i/gen_bitmanip_i_cpop_count/non_leaf_node_left_child/non_leaf_node_left_child/non_leaf_node_left_child/non_leaf_node_left_child      3.3600     0.0     3.3600     0.0000     0.0000 popcount_00000002_31
ex_stage_i/alu_i/gen_bitmanip_i_cpop_count/non_leaf_node_left_child/non_leaf_node_left_child/non_leaf_node_left_child/non_leaf_node_right_child      3.3600     0.0     3.3600     0.0000     0.0000 popcount_00000002_30
ex_stage_i/alu_i/gen_bitmanip_i_cpop_count/non_leaf_node_left_child/non_leaf_node_left_child/non_leaf_node_right_child     15.9600     0.0     9.2400     0.0000     0.0000 popcount_00000004_14
ex_stage_i/alu_i/gen_bitmanip_i_cpop_count/non_leaf_node_left_child/non_leaf_node_left_child/non_leaf_node_right_child/non_leaf_node_left_child      3.3600     0.0     3.3600     0.0000     0.0000 popcount_00000002_29
ex_stage_i/alu_i/gen_bitmanip_i_cpop_count/non_leaf_node_left_child/non_leaf_node_left_child/non_leaf_node_right_child/non_leaf_node_right_child      3.3600     0.0     3.3600     0.0000     0.0000 popcount_00000002_28
ex_stage_i/alu_i/gen_bitmanip_i_cpop_count/non_leaf_node_left_child/non_leaf_node_right_child     47.0400     0.0    15.1200     0.0000     0.0000 popcount_00000008_6
ex_stage_i/alu_i/gen_bitmanip_i_cpop_count/non_leaf_node_left_child/non_leaf_node_right_child/non_leaf_node_left_child     15.9600     0.0     9.2400     0.0000     0.0000 popcount_00000004_13
ex_stage_i/alu_i/gen_bitmanip_i_cpop_count/non_leaf_node_left_child/non_leaf_node_right_child/non_leaf_node_left_child/non_leaf_node_left_child      3.3600     0.0     3.3600     0.0000     0.0000 popcount_00000002_27
ex_stage_i/alu_i/gen_bitmanip_i_cpop_count/non_leaf_node_left_child/non_leaf_node_right_child/non_leaf_node_left_child/non_leaf_node_right_child      3.3600     0.0     3.3600     0.0000     0.0000 popcount_00000002_26
ex_stage_i/alu_i/gen_bitmanip_i_cpop_count/non_leaf_node_left_child/non_leaf_node_right_child/non_leaf_node_right_child     15.9600     0.0     9.2400     0.0000     0.0000 popcount_00000004_12
ex_stage_i/alu_i/gen_bitmanip_i_cpop_count/non_leaf_node_left_child/non_leaf_node_right_child/non_leaf_node_right_child/non_leaf_node_left_child      3.3600     0.0     3.3600     0.0000     0.0000 popcount_00000002_25
ex_stage_i/alu_i/gen_bitmanip_i_cpop_count/non_leaf_node_left_child/non_leaf_node_right_child/non_leaf_node_right_child/non_leaf_node_right_child      3.3600     0.0     3.3600     0.0000     0.0000 popcount_00000002_24
ex_stage_i/alu_i/gen_bitmanip_i_cpop_count/non_leaf_node_right_child    115.0800     0.1    21.0000     0.0000     0.0000 popcount_00000010_2
ex_stage_i/alu_i/gen_bitmanip_i_cpop_count/non_leaf_node_right_child/non_leaf_node_left_child     47.0400     0.0    15.1200     0.0000     0.0000 popcount_00000008_5
ex_stage_i/alu_i/gen_bitmanip_i_cpop_count/non_leaf_node_right_child/non_leaf_node_left_child/non_leaf_node_left_child     15.9600     0.0     9.2400     0.0000     0.0000 popcount_00000004_11
ex_stage_i/alu_i/gen_bitmanip_i_cpop_count/non_leaf_node_right_child/non_leaf_node_left_child/non_leaf_node_left_child/non_leaf_node_left_child      3.3600     0.0     3.3600     0.0000     0.0000 popcount_00000002_23
ex_stage_i/alu_i/gen_bitmanip_i_cpop_count/non_leaf_node_right_child/non_leaf_node_left_child/non_leaf_node_left_child/non_leaf_node_right_child      3.3600     0.0     3.3600     0.0000     0.0000 popcount_00000002_22
ex_stage_i/alu_i/gen_bitmanip_i_cpop_count/non_leaf_node_right_child/non_leaf_node_left_child/non_leaf_node_right_child     15.9600     0.0     9.2400     0.0000     0.0000 popcount_00000004_10
ex_stage_i/alu_i/gen_bitmanip_i_cpop_count/non_leaf_node_right_child/non_leaf_node_left_child/non_leaf_node_right_child/non_leaf_node_left_child      3.3600     0.0     3.3600     0.0000     0.0000 popcount_00000002_21
ex_stage_i/alu_i/gen_bitmanip_i_cpop_count/non_leaf_node_right_child/non_leaf_node_left_child/non_leaf_node_right_child/non_leaf_node_right_child      3.3600     0.0     3.3600     0.0000     0.0000 popcount_00000002_20
ex_stage_i/alu_i/gen_bitmanip_i_cpop_count/non_leaf_node_right_child/non_leaf_node_right_child     47.0400     0.0    15.1200     0.0000     0.0000 popcount_00000008_4
ex_stage_i/alu_i/gen_bitmanip_i_cpop_count/non_leaf_node_right_child/non_leaf_node_right_child/non_leaf_node_left_child     15.9600     0.0     9.2400     0.0000     0.0000 popcount_00000004_9
ex_stage_i/alu_i/gen_bitmanip_i_cpop_count/non_leaf_node_right_child/non_leaf_node_right_child/non_leaf_node_left_child/non_leaf_node_left_child      3.3600     0.0     3.3600     0.0000     0.0000 popcount_00000002_19
ex_stage_i/alu_i/gen_bitmanip_i_cpop_count/non_leaf_node_right_child/non_leaf_node_right_child/non_leaf_node_left_child/non_leaf_node_right_child      3.3600     0.0     3.3600     0.0000     0.0000 popcount_00000002_18
ex_stage_i/alu_i/gen_bitmanip_i_cpop_count/non_leaf_node_right_child/non_leaf_node_right_child/non_leaf_node_right_child     15.9600     0.0     9.2400     0.0000     0.0000 popcount_00000004_8
ex_stage_i/alu_i/gen_bitmanip_i_cpop_count/non_leaf_node_right_child/non_leaf_node_right_child/non_leaf_node_right_child/non_leaf_node_left_child      3.3600     0.0     3.3600     0.0000     0.0000 popcount_00000002_17
ex_stage_i/alu_i/gen_bitmanip_i_cpop_count/non_leaf_node_right_child/non_leaf_node_right_child/non_leaf_node_right_child/non_leaf_node_right_child      3.3600     0.0     3.3600     0.0000     0.0000 popcount_00000002_16
ex_stage_i/branch_unit_i             906.6400      0.5    906.6400      0.0000      0.0000  branch_unit__325242
ex_stage_i/csr_buffer_i              129.6400      0.1     40.8800     83.7200      0.0000  csr_buffer__646242
ex_stage_i/csr_buffer_i/clk_gate_csr_reg_q_reg_csr_address_      5.0400     0.0     0.0000     5.0400     0.0000 SNPS_CLOCK_GATE_HIGH_csr_buffer__646242
ex_stage_i/gen_cvxif_cvxif_fu_i       55.7200      0.0     55.7200      0.0000      0.0000  cvxif_fu__693242
ex_stage_i/i_mult                  12002.7600      6.0    255.6400      0.0000      0.0000  mult__646242
ex_stage_i/i_mult/i_div             2825.7600      1.4   1901.4800    746.4800      0.0000  serdiv_00000020_674949
ex_stage_i/i_mult/i_div/clk_gate_op_a_q_reg_0      5.0400     0.0     0.0000     5.0400     0.0000 SNPS_CLOCK_GATE_HIGH_serdiv_00000020_674949_3
ex_stage_i/i_mult/i_div/clk_gate_op_b_q_reg_0      5.0400     0.0     0.0000     5.0400     0.0000 SNPS_CLOCK_GATE_HIGH_serdiv_00000020_674949_2
ex_stage_i/i_mult/i_div/clk_gate_op_b_zero_q_reg      5.0400     0.0     0.0000     5.0400     0.0000 SNPS_CLOCK_GATE_HIGH_serdiv_00000020_674949_0
ex_stage_i/i_mult/i_div/clk_gate_res_q_reg_0      5.0400     0.0     0.0000     5.0400     0.0000 SNPS_CLOCK_GATE_HIGH_serdiv_00000020_674949_1
ex_stage_i/i_mult/i_div/i_lzc_a       78.4000      0.0     78.4000      0.0000      0.0000  lzc_00000020_1_1
ex_stage_i/i_mult/i_div/i_lzc_b       79.2400      0.0     79.2400      0.0000      0.0000  lzc_00000020_1_0
ex_stage_i/i_mult/i_multiplier      8921.3600      4.5   8224.7200    696.6400      0.0000  multiplier__674949
ex_stage_i/lsu_i                    8837.3601      4.4    451.9200    220.0800      0.0000  load_store_unit__610242
ex_stage_i/lsu_i/i_load_unit         683.4800      0.3    448.5600    218.9600      0.0000  load_unit__582242
ex_stage_i/lsu_i/i_load_unit/clk_gate_ldbuf_q_reg_0__trans_id_      5.0400     0.0     0.0000     5.0400     0.0000 SNPS_CLOCK_GATE_HIGH_load_unit__582242_2
ex_stage_i/lsu_i/i_load_unit/clk_gate_ldbuf_q_reg_1__trans_id_      5.0400     0.0     0.0000     5.0400     0.0000 SNPS_CLOCK_GATE_HIGH_load_unit__582242_0
ex_stage_i/lsu_i/i_load_unit/clk_gate_state_q_reg      5.0400     0.0     0.0000     5.0400     0.0000 SNPS_CLOCK_GATE_HIGH_load_unit__582242_1
ex_stage_i/lsu_i/i_load_unit/ldbuf_free_index_multi_gen_lzc_windex_i      0.8400     0.0     0.8400     0.0000     0.0000 lzc_00000002_0
ex_stage_i/lsu_i/i_pipe_reg_load      60.2000      0.0     60.2000      0.0000      0.0000  shift_reg_00000000_482242_1
ex_stage_i/lsu_i/i_pipe_reg_store     43.6800      0.0     43.6800      0.0000      0.0000  shift_reg_00000000_482242_0
ex_stage_i/lsu_i/i_store_unit       5769.6801      2.9    338.2400    276.9200      0.0000  store_unit__582242
ex_stage_i/lsu_i/i_store_unit/store_buffer_i   5154.5200     2.6  1357.4400  3741.6400     0.0000 store_buffer__185242
ex_stage_i/lsu_i/i_store_unit/store_buffer_i/clk_gate_commit_queue_q_reg_0__address_      5.0400     0.0     0.0000     5.0400     0.0000 SNPS_CLOCK_GATE_HIGH_store_buffer__185242_3
ex_stage_i/lsu_i/i_store_unit/store_buffer_i/clk_gate_commit_queue_q_reg_1__address_      5.0400     0.0     0.0000     5.0400     0.0000 SNPS_CLOCK_GATE_HIGH_store_buffer__185242_4
ex_stage_i/lsu_i/i_store_unit/store_buffer_i/clk_gate_commit_queue_q_reg_2__address_      5.0400     0.0     0.0000     5.0400     0.0000 SNPS_CLOCK_GATE_HIGH_store_buffer__185242_5
ex_stage_i/lsu_i/i_store_unit/store_buffer_i/clk_gate_commit_queue_q_reg_3__address_      5.0400     0.0     0.0000     5.0400     0.0000 SNPS_CLOCK_GATE_HIGH_store_buffer__185242_6
ex_stage_i/lsu_i/i_store_unit/store_buffer_i/clk_gate_commit_queue_q_reg_3__valid__clk_gate_commit_queue_q_reg_3__valid__0      5.0400     0.0     0.0000     5.0400     0.0000 SNPS_CLOCK_GATE_HIGH_store_buffer__185242_1_37
ex_stage_i/lsu_i/i_store_unit/store_buffer_i/clk_gate_speculative_queue_q_reg_0__address_      5.0400     0.0     0.0000     5.0400     0.0000 SNPS_CLOCK_GATE_HIGH_store_buffer__185242_8
ex_stage_i/lsu_i/i_store_unit/store_buffer_i/clk_gate_speculative_queue_q_reg_1__address_      5.0400     0.0     0.0000     5.0400     0.0000 SNPS_CLOCK_GATE_HIGH_store_buffer__185242_9
ex_stage_i/lsu_i/i_store_unit/store_buffer_i/clk_gate_speculative_queue_q_reg_2__address_      5.0400     0.0     0.0000     5.0400     0.0000 SNPS_CLOCK_GATE_HIGH_store_buffer__185242_10
ex_stage_i/lsu_i/i_store_unit/store_buffer_i/clk_gate_speculative_queue_q_reg_3__address_      5.0400     0.0     0.0000     5.0400     0.0000 SNPS_CLOCK_GATE_HIGH_store_buffer__185242_0
ex_stage_i/lsu_i/i_store_unit/store_buffer_i/clk_gate_speculative_queue_q_reg_3__valid__clk_gate_speculative_queue_q_reg_3__valid__0      5.0400     0.0     0.0000     5.0400     0.0000 SNPS_CLOCK_GATE_HIGH_store_buffer__185242_0_36
ex_stage_i/lsu_i/i_store_unit/store_buffer_i/clk_gate_speculative_read_pointer_q_reg      5.0400     0.0     0.0000     5.0400     0.0000 SNPS_CLOCK_GATE_HIGH_store_buffer__185242_7
ex_stage_i/lsu_i/lsu_bypass_i       1608.3200      0.8    485.5200   1107.6800      0.0000  lsu_bypass__723242
ex_stage_i/lsu_i/lsu_bypass_i/clk_gate_mem_q_reg_0__vaddr_      5.0400     0.0     0.0000     5.0400     0.0000 SNPS_CLOCK_GATE_HIGH_lsu_bypass__723242_1
ex_stage_i/lsu_i/lsu_bypass_i/clk_gate_mem_q_reg_1__vaddr_      5.0400     0.0     0.0000     5.0400     0.0000 SNPS_CLOCK_GATE_HIGH_lsu_bypass__723242_0
ex_stage_i/lsu_i/lsu_bypass_i/clk_gate_status_cnt_q_reg      5.0400     0.0     0.0000     5.0400     0.0000 SNPS_CLOCK_GATE_HIGH_lsu_bypass__723242_0_35
gen_cache_hpd_i_cache_subsystem    91067.5495     45.6     54.8800      0.0000      0.0000  cva6_hpdcache_subsystem_4__logic_Z_1yB___logic_Z_1yB__909242
gen_cache_hpd_i_cache_subsystem/i_axi_arbiter   1778.2800     0.9    40.3200     6.4400     0.0000 cva6_hpdcache_subsystem_axi_arbiter_00000040_00000040_00000004_00000020_092242
gen_cache_hpd_i_cache_subsystem/i_axi_arbiter/genblk1_i_icache_hpdcache_data_upsize    869.1200     0.4    11.4800   847.5600     0.0000 hpdcache_data_upsize_s00000040_s00000080_1
gen_cache_hpd_i_cache_subsystem/i_axi_arbiter/genblk1_i_icache_hpdcache_data_upsize/clk_gate_buf_q_reg_0__0_      5.0400     0.0     0.0000     5.0400     0.0000 SNPS_CLOCK_GATE_HIGH_hpdcache_data_upsize_s00000040_s00000080_1_2
gen_cache_hpd_i_cache_subsystem/i_axi_arbiter/genblk1_i_icache_hpdcache_data_upsize/clk_gate_buf_q_reg_0__1_      5.0400     0.0     0.0000     5.0400     0.0000 SNPS_CLOCK_GATE_HIGH_hpdcache_data_upsize_s00000040_s00000080_1_0
gen_cache_hpd_i_cache_subsystem/i_axi_arbiter/genblk1_i_icache_refill_meta_fifo      9.8000     0.0     0.0000     0.0000     0.0000 hpdcache_fifo_reg_2
gen_cache_hpd_i_cache_subsystem/i_axi_arbiter/genblk1_i_icache_refill_meta_fifo/gen_buffer_i_sync_buffer      9.8000     0.0     2.2400     7.5600     0.0000 hpdcache_sync_buffer_0_862242
gen_cache_hpd_i_cache_subsystem/i_axi_arbiter/i_hpdcache_mem_to_axi_read    135.2400     0.1   135.2400     0.0000     0.0000 hpdcache_mem_to_axi_read_347242
gen_cache_hpd_i_cache_subsystem/i_axi_arbiter/i_hpdcache_mem_to_axi_write    166.0400     0.1   166.0400     0.0000     0.0000 hpdcache_mem_to_axi_write_001242
gen_cache_hpd_i_cache_subsystem/i_axi_arbiter/i_icache_miss_req_fifo    189.5600     0.1     0.0000     0.0000     0.0000 hpdcache_fifo_reg_1
gen_cache_hpd_i_cache_subsystem/i_axi_arbiter/i_icache_miss_req_fifo/gen_buffer_i_sync_buffer    189.5600     0.1     4.4800   180.0400     0.0000 hpdcache_sync_buffer_0_341242
gen_cache_hpd_i_cache_subsystem/i_axi_arbiter/i_icache_miss_req_fifo/gen_buffer_i_sync_buffer/clk_gate_buf_q_reg_mem_req_addr_      5.0400     0.0     0.0000     5.0400     0.0000 SNPS_CLOCK_GATE_HIGH_hpdcache_sync_buffer_0_341242
gen_cache_hpd_i_cache_subsystem/i_axi_arbiter/i_mem_req_read_arbiter    152.6000     0.1     7.2800     0.0000     0.0000 hpdcache_mem_req_read_arbiter_1_1
gen_cache_hpd_i_cache_subsystem/i_axi_arbiter/i_mem_req_read_arbiter/hpdcache_fxarb_mem_req_write_i     41.7200     0.0    11.2000    27.7200     0.0000 hpdcache_fxarb_00000002_2
gen_cache_hpd_i_cache_subsystem/i_axi_arbiter/i_mem_req_read_arbiter/hpdcache_fxarb_mem_req_write_i/prio_msk_i      2.8000     0.0     2.8000     0.0000     0.0000 hpdcache_prio_1hot_encoder_00000002_5
gen_cache_hpd_i_cache_subsystem/i_axi_arbiter/i_mem_req_read_arbiter/mem_read_req_mux_i    103.6000     0.1   103.6000     0.0000     0.0000 hpdcache_mux_00000002_86_1_1
gen_cache_hpd_i_cache_subsystem/i_axi_arbiter/i_mem_resp_read_demux    209.1600     0.1     8.1200     0.0000     0.0000 hpdcache_mem_resp_demux_1
gen_cache_hpd_i_cache_subsystem/i_axi_arbiter/i_mem_resp_read_demux/i_resp_demux    194.8800     0.1   194.8800     0.0000     0.0000 hpdcache_demux_2
gen_cache_hpd_i_cache_subsystem/i_axi_arbiter/i_mem_resp_read_demux/i_resp_ready_mux      3.0800     0.0     3.0800     0.0000     0.0000 hpdcache_mux_1
gen_cache_hpd_i_cache_subsystem/i_axi_arbiter/i_mem_resp_read_demux/i_resp_valid_demux      3.0800     0.0     3.0800     0.0000     0.0000 hpdcache_demux_1
gen_cache_hpd_i_cache_subsystem/i_cva6_icache  58700.6697    29.4  1010.5200   500.6400     0.0000 cva6_icache_8_497242
gen_cache_hpd_i_cache_subsystem/i_cva6_icache/clk_gate_cl_tag_q_reg_0      5.0400     0.0     0.0000     5.0400     0.0000 SNPS_CLOCK_GATE_HIGH_cva6_icache_8_497242_0
gen_cache_hpd_i_cache_subsystem/i_cva6_icache/clk_gate_flush_cnt_q_reg_3      5.0400     0.0     0.0000     5.0400     0.0000 SNPS_CLOCK_GATE_HIGH_cva6_icache_8_497242_4
gen_cache_hpd_i_cache_subsystem/i_cva6_icache/clk_gate_vaddr_q_reg_0      5.0400     0.0     0.0000     5.0400     0.0000 SNPS_CLOCK_GATE_HIGH_cva6_icache_8_497242_3
gen_cache_hpd_i_cache_subsystem/i_cva6_icache/gen_sram_0__data_sram  25542.2328    12.8     0.0000     0.0000     0.0000 sram_cache_00000080_00000080_00000001_64_0_1_1
gen_cache_hpd_i_cache_subsystem/i_cva6_icache/gen_sram_0__data_sram/gen_techno_cut_genblk1_i_tc_sram_wrapper  25542.2328    12.8     5.6000     0.0000 25536.6328 tc_sram_wrapper_cache_techno_64_00000100_00000008_00000001_00000001_none_0_0_1
gen_cache_hpd_i_cache_subsystem/i_cva6_icache/gen_sram_0__tag_sram   3008.5621     1.5     0.0000     0.0000     0.0000 sram_cache_00000019_64_0_1_1
gen_cache_hpd_i_cache_subsystem/i_cva6_icache/gen_sram_0__tag_sram/gen_techno_cut_genblk1_i_tc_sram_wrapper   3008.5621     1.5     1.9600     0.0000  3006.6021 tc_sram_wrapper_cache_techno_64_00000019_00000008_00000001_00000001_none_0_0_1
gen_cache_hpd_i_cache_subsystem/i_cva6_icache/gen_sram_1__data_sram  25542.2328    12.8     0.0000     0.0000     0.0000 sram_cache_00000080_00000080_00000001_64_0_1_0
gen_cache_hpd_i_cache_subsystem/i_cva6_icache/gen_sram_1__data_sram/gen_techno_cut_genblk1_i_tc_sram_wrapper  25542.2328    12.8     5.6000     0.0000 25536.6328 tc_sram_wrapper_cache_techno_64_00000100_00000008_00000001_00000001_none_0_0_0
gen_cache_hpd_i_cache_subsystem/i_cva6_icache/gen_sram_1__tag_sram   3008.5621     1.5     0.0000     0.0000     0.0000 sram_cache_00000019_64_0_1_0
gen_cache_hpd_i_cache_subsystem/i_cva6_icache/gen_sram_1__tag_sram/gen_techno_cut_genblk1_i_tc_sram_wrapper   3008.5621     1.5     1.9600     0.0000  3006.6021 tc_sram_wrapper_cache_techno_64_00000019_00000008_00000001_00000001_none_0_0_0
gen_cache_hpd_i_cache_subsystem/i_cva6_icache/i_lfsr     70.0000     0.0    11.2000    53.7600     0.0000 lfsr_8_00000001
gen_cache_hpd_i_cache_subsystem/i_cva6_icache/i_lfsr/clk_gate_lfsr_q_reg      5.0400     0.0     0.0000     5.0400     0.0000 SNPS_CLOCK_GATE_HIGH_lfsr_8_00000001
gen_cache_hpd_i_cache_subsystem/i_cva6_icache/i_lzc      1.9600     0.0     1.9600     0.0000     0.0000 lzc_00000002_2
gen_cache_hpd_i_cache_subsystem/i_cva6_icache/i_lzc_hit      0.8400     0.0     0.8400     0.0000     0.0000 lzc_00000002_1
gen_cache_hpd_i_cache_subsystem/i_dcache  30533.7198    15.3     2.8000     0.0000     0.0000 cva6_hpdcache_wrapper_4_4__logic_Z_1yB___logic_Z_1yB__731242
gen_cache_hpd_i_cache_subsystem/i_dcache/gen_cva6_hpdcache_load_if_adapter_1__i_cva6_hpdcache_load_if_adapter    100.5200     0.1   100.5200     0.0000     0.0000 cva6_hpdcache_if_adapter_1_430242_1
gen_cache_hpd_i_cache_subsystem/i_dcache/i_cva6_hpdcache_store_if_adapter     82.3200     0.0    82.3200     0.0000     0.0000 cva6_hpdcache_if_adapter_0_430242
gen_cache_hpd_i_cache_subsystem/i_dcache/i_hpdcache  30348.0798    15.2    33.6000     0.0000     0.0000 hpdcache__170242
gen_cache_hpd_i_cache_subsystem/i_dcache/i_hpdcache/core_req_arbiter_i    290.0800     0.1    69.7200     7.5600     0.0000 hpdcache_core_arbiter__400242
gen_cache_hpd_i_cache_subsystem/i_dcache/i_hpdcache/core_req_arbiter_i/core_req_abort_mux_i      1.4000     0.0     1.4000     0.0000     0.0000 hpdcache_mux_00000006_1_1
gen_cache_hpd_i_cache_subsystem/i_dcache/i_hpdcache/core_req_arbiter_i/core_req_mux_i    129.6400     0.1   129.6400     0.0000     0.0000 hpdcache_mux_00000006_89_1
gen_cache_hpd_i_cache_subsystem/i_dcache/i_hpdcache/core_req_arbiter_i/core_req_pma_mux_i      1.4000     0.0     1.4000     0.0000     0.0000 hpdcache_mux_00000006_5_1
gen_cache_hpd_i_cache_subsystem/i_dcache/i_hpdcache/core_req_arbiter_i/core_req_tag_mux_i     31.3600     0.0    31.3600     0.0000     0.0000 hpdcache_mux_00000006_24_1
gen_cache_hpd_i_cache_subsystem/i_dcache/i_hpdcache/core_req_arbiter_i/req_arbiter_i     49.0000     0.0    15.9600    27.7200     0.0000 hpdcache_fxarb_00000006
gen_cache_hpd_i_cache_subsystem/i_dcache/i_hpdcache/core_req_arbiter_i/req_arbiter_i/prio_msk_i      5.3200     0.0     5.3200     0.0000     0.0000 hpdcache_prio_1hot_encoder_00000006
gen_cache_hpd_i_cache_subsystem/i_dcache/i_hpdcache/gen_wbuf_hpdcache_wbuf_i  15124.1999     7.6  8230.0399  3582.0400     0.0000 hpdcache_wbuf__926242
gen_cache_hpd_i_cache_subsystem/i_dcache/i_hpdcache/gen_wbuf_hpdcache_wbuf_i/clk_gate_wbuf_data_valid_q_reg      5.0400     0.0     0.0000     5.0400     0.0000 SNPS_CLOCK_GATE_HIGH_hpdcache_wbuf__926242_1
gen_cache_hpd_i_cache_subsystem/i_dcache/i_hpdcache/gen_wbuf_hpdcache_wbuf_i/clk_gate_wbuf_dir_q_reg_0__ptr__clk_gate_wbuf_dir_q_reg_0__ptr__0      5.0400     0.0     0.0000     5.0400     0.0000 SNPS_CLOCK_GATE_HIGH_hpdcache_wbuf__926242_3_61
gen_cache_hpd_i_cache_subsystem/i_dcache/i_hpdcache/gen_wbuf_hpdcache_wbuf_i/clk_gate_wbuf_dir_q_reg_1__ptr__clk_gate_wbuf_dir_q_reg_1__ptr__0      5.0400     0.0     0.0000     5.0400     0.0000 SNPS_CLOCK_GATE_HIGH_hpdcache_wbuf__926242_2_60
gen_cache_hpd_i_cache_subsystem/i_dcache/i_hpdcache/gen_wbuf_hpdcache_wbuf_i/clk_gate_wbuf_dir_q_reg_2__ptr__clk_gate_wbuf_dir_q_reg_2__tag_      5.0400     0.0     0.0000     5.0400     0.0000 SNPS_CLOCK_GATE_HIGH_hpdcache_wbuf__926242_7_65
gen_cache_hpd_i_cache_subsystem/i_dcache/i_hpdcache/gen_wbuf_hpdcache_wbuf_i/clk_gate_wbuf_dir_q_reg_3__ptr__clk_gate_wbuf_dir_q_reg_3__tag_      5.0400     0.0     0.0000     5.0400     0.0000 SNPS_CLOCK_GATE_HIGH_hpdcache_wbuf__926242_6_64
gen_cache_hpd_i_cache_subsystem/i_dcache/i_hpdcache/gen_wbuf_hpdcache_wbuf_i/clk_gate_wbuf_dir_q_reg_4__ptr__clk_gate_wbuf_dir_q_reg_4__ptr__0      5.0400     0.0     0.0000     5.0400     0.0000 SNPS_CLOCK_GATE_HIGH_hpdcache_wbuf__926242_4_62
gen_cache_hpd_i_cache_subsystem/i_dcache/i_hpdcache/gen_wbuf_hpdcache_wbuf_i/clk_gate_wbuf_dir_q_reg_5__ptr__clk_gate_wbuf_dir_q_reg_5__ptr__0      5.0400     0.0     0.0000     5.0400     0.0000 SNPS_CLOCK_GATE_HIGH_hpdcache_wbuf__926242_5_63
gen_cache_hpd_i_cache_subsystem/i_dcache/i_hpdcache/gen_wbuf_hpdcache_wbuf_i/clk_gate_wbuf_dir_q_reg_6__ptr__clk_gate_wbuf_dir_q_reg_6__ptr__0      5.0400     0.0     0.0000     5.0400     0.0000 SNPS_CLOCK_GATE_HIGH_hpdcache_wbuf__926242_1_59
gen_cache_hpd_i_cache_subsystem/i_dcache/i_hpdcache/gen_wbuf_hpdcache_wbuf_i/clk_gate_wbuf_dir_q_reg_7__ptr__clk_gate_wbuf_dir_q_reg_7__ptr__0      5.0400     0.0     0.0000     5.0400     0.0000 SNPS_CLOCK_GATE_HIGH_hpdcache_wbuf__926242_0_58
gen_cache_hpd_i_cache_subsystem/i_dcache/i_hpdcache/gen_wbuf_hpdcache_wbuf_i/data_free_ptr_binary_i     15.1200     0.0    15.1200     0.0000     0.0000 hpdcache_1hot_to_binary_00000008
gen_cache_hpd_i_cache_subsystem/i_dcache/i_hpdcache/gen_wbuf_hpdcache_wbuf_i/data_free_rrarb_i    103.6000     0.1    28.0000    51.5200     0.0000 hpdcache_fxarb_00000008_0
gen_cache_hpd_i_cache_subsystem/i_dcache/i_hpdcache/gen_wbuf_hpdcache_wbuf_i/data_free_rrarb_i/clk_gate_gnt_q_reg      5.0400     0.0     0.0000     5.0400     0.0000 SNPS_CLOCK_GATE_HIGH_hpdcache_fxarb_00000008_0_0
gen_cache_hpd_i_cache_subsystem/i_dcache/i_hpdcache/gen_wbuf_hpdcache_wbuf_i/data_free_rrarb_i/prio_msk_i     19.0400     0.0    19.0400     0.0000     0.0000 hpdcache_prio_1hot_encoder_00000008_2
gen_cache_hpd_i_cache_subsystem/i_dcache/i_hpdcache/gen_wbuf_hpdcache_wbuf_i/dir_free_rrarb_i    113.6800     0.1    30.5200    57.9600     0.0000 hpdcache_fxarb_00000008_1
gen_cache_hpd_i_cache_subsystem/i_dcache/i_hpdcache/gen_wbuf_hpdcache_wbuf_i/dir_free_rrarb_i/clk_gate_gnt_q_reg      5.0400     0.0     0.0000     5.0400     0.0000 SNPS_CLOCK_GATE_HIGH_hpdcache_fxarb_00000008_0_1
gen_cache_hpd_i_cache_subsystem/i_dcache/i_hpdcache/gen_wbuf_hpdcache_wbuf_i/dir_free_rrarb_i/prio_msk_i     20.1600     0.0    20.1600     0.0000     0.0000 hpdcache_prio_1hot_encoder_00000008_3
gen_cache_hpd_i_cache_subsystem/i_dcache/i_hpdcache/gen_wbuf_hpdcache_wbuf_i/gen_wbuf_data_upsizing_mem_write_be_demux_i     12.0400     0.0    12.0400     0.0000     0.0000 hpdcache_demux_00000002_00000004_0_2
gen_cache_hpd_i_cache_subsystem/i_dcache/i_hpdcache/gen_wbuf_hpdcache_wbuf_i/pend_rrarb_i    189.8400     0.1    86.2400    58.2400     0.0000 hpdcache_rrarb_00000008
gen_cache_hpd_i_cache_subsystem/i_dcache/i_hpdcache/gen_wbuf_hpdcache_wbuf_i/pend_rrarb_i/clk_gate_gnt_q_reg      5.0400     0.0     0.0000     5.0400     0.0000 SNPS_CLOCK_GATE_HIGH_hpdcache_rrarb_00000008
gen_cache_hpd_i_cache_subsystem/i_dcache/i_hpdcache/gen_wbuf_hpdcache_wbuf_i/pend_rrarb_i/prio_msk_i     20.1600     0.0    20.1600     0.0000     0.0000 hpdcache_prio_1hot_encoder_00000008_1
gen_cache_hpd_i_cache_subsystem/i_dcache/i_hpdcache/gen_wbuf_hpdcache_wbuf_i/pend_rrarb_i/prio_nomsk_i     20.1600     0.0    20.1600     0.0000     0.0000 hpdcache_prio_1hot_encoder_00000008_0
gen_cache_hpd_i_cache_subsystem/i_dcache/i_hpdcache/gen_wbuf_hpdcache_wbuf_i/send_data_ptr_fifo_i    379.9600     0.2   105.2800   224.2800     0.0000 hpdcache_fifo_reg_8_0_534242
gen_cache_hpd_i_cache_subsystem/i_dcache/i_hpdcache/gen_wbuf_hpdcache_wbuf_i/send_data_ptr_fifo_i/clk_gate_gen_fifo_fifo_mem_q_reg_0__data_ptr_      5.0400     0.0     0.0000     5.0400     0.0000 SNPS_CLOCK_GATE_HIGH_hpdcache_fifo_reg_8_0_534242_3
gen_cache_hpd_i_cache_subsystem/i_dcache/i_hpdcache/gen_wbuf_hpdcache_wbuf_i/send_data_ptr_fifo_i/clk_gate_gen_fifo_fifo_mem_q_reg_1__data_ptr_      5.0400     0.0     0.0000     5.0400     0.0000 SNPS_CLOCK_GATE_HIGH_hpdcache_fifo_reg_8_0_534242_4
gen_cache_hpd_i_cache_subsystem/i_dcache/i_hpdcache/gen_wbuf_hpdcache_wbuf_i/send_data_ptr_fifo_i/clk_gate_gen_fifo_fifo_mem_q_reg_2__data_ptr_      5.0400     0.0     0.0000     5.0400     0.0000 SNPS_CLOCK_GATE_HIGH_hpdcache_fifo_reg_8_0_534242_5
gen_cache_hpd_i_cache_subsystem/i_dcache/i_hpdcache/gen_wbuf_hpdcache_wbuf_i/send_data_ptr_fifo_i/clk_gate_gen_fifo_fifo_mem_q_reg_3__data_ptr_      5.0400     0.0     0.0000     5.0400     0.0000 SNPS_CLOCK_GATE_HIGH_hpdcache_fifo_reg_8_0_534242_6
gen_cache_hpd_i_cache_subsystem/i_dcache/i_hpdcache/gen_wbuf_hpdcache_wbuf_i/send_data_ptr_fifo_i/clk_gate_gen_fifo_fifo_mem_q_reg_4__data_ptr_      5.0400     0.0     0.0000     5.0400     0.0000 SNPS_CLOCK_GATE_HIGH_hpdcache_fifo_reg_8_0_534242_7
gen_cache_hpd_i_cache_subsystem/i_dcache/i_hpdcache/gen_wbuf_hpdcache_wbuf_i/send_data_ptr_fifo_i/clk_gate_gen_fifo_fifo_mem_q_reg_5__data_ptr_      5.0400     0.0     0.0000     5.0400     0.0000 SNPS_CLOCK_GATE_HIGH_hpdcache_fifo_reg_8_0_534242_8
gen_cache_hpd_i_cache_subsystem/i_dcache/i_hpdcache/gen_wbuf_hpdcache_wbuf_i/send_data_ptr_fifo_i/clk_gate_gen_fifo_fifo_mem_q_reg_6__data_ptr_      5.0400     0.0     0.0000     5.0400     0.0000 SNPS_CLOCK_GATE_HIGH_hpdcache_fifo_reg_8_0_534242_9
gen_cache_hpd_i_cache_subsystem/i_dcache/i_hpdcache/gen_wbuf_hpdcache_wbuf_i/send_data_ptr_fifo_i/clk_gate_gen_fifo_fifo_mem_q_reg_7__data_ptr_      5.0400     0.0     0.0000     5.0400     0.0000 SNPS_CLOCK_GATE_HIGH_hpdcache_fifo_reg_8_0_534242_0
gen_cache_hpd_i_cache_subsystem/i_dcache/i_hpdcache/gen_wbuf_hpdcache_wbuf_i/send_data_ptr_fifo_i/clk_gate_gen_fifo_rptr_q_reg      5.0400     0.0     0.0000     5.0400     0.0000 SNPS_CLOCK_GATE_HIGH_hpdcache_fifo_reg_8_0_534242_2
gen_cache_hpd_i_cache_subsystem/i_dcache/i_hpdcache/gen_wbuf_hpdcache_wbuf_i/send_data_ptr_fifo_i/clk_gate_gen_fifo_wptr_q_reg      5.0400     0.0     0.0000     5.0400     0.0000 SNPS_CLOCK_GATE_HIGH_hpdcache_fifo_reg_8_0_534242_1
gen_cache_hpd_i_cache_subsystem/i_dcache/i_hpdcache/gen_wbuf_hpdcache_wbuf_i/send_meta_fifo_i   1997.5200     1.0   423.6400  1523.4800     0.0000 hpdcache_fifo_reg_8_0_298242
gen_cache_hpd_i_cache_subsystem/i_dcache/i_hpdcache/gen_wbuf_hpdcache_wbuf_i/send_meta_fifo_i/clk_gate_gen_fifo_fifo_mem_q_reg_0__meta_tag_      5.0400     0.0     0.0000     5.0400     0.0000 SNPS_CLOCK_GATE_HIGH_hpdcache_fifo_reg_8_0_298242_3
gen_cache_hpd_i_cache_subsystem/i_dcache/i_hpdcache/gen_wbuf_hpdcache_wbuf_i/send_meta_fifo_i/clk_gate_gen_fifo_fifo_mem_q_reg_1__meta_tag_      5.0400     0.0     0.0000     5.0400     0.0000 SNPS_CLOCK_GATE_HIGH_hpdcache_fifo_reg_8_0_298242_4
gen_cache_hpd_i_cache_subsystem/i_dcache/i_hpdcache/gen_wbuf_hpdcache_wbuf_i/send_meta_fifo_i/clk_gate_gen_fifo_fifo_mem_q_reg_2__meta_tag_      5.0400     0.0     0.0000     5.0400     0.0000 SNPS_CLOCK_GATE_HIGH_hpdcache_fifo_reg_8_0_298242_5
gen_cache_hpd_i_cache_subsystem/i_dcache/i_hpdcache/gen_wbuf_hpdcache_wbuf_i/send_meta_fifo_i/clk_gate_gen_fifo_fifo_mem_q_reg_3__meta_tag_      5.0400     0.0     0.0000     5.0400     0.0000 SNPS_CLOCK_GATE_HIGH_hpdcache_fifo_reg_8_0_298242_6
gen_cache_hpd_i_cache_subsystem/i_dcache/i_hpdcache/gen_wbuf_hpdcache_wbuf_i/send_meta_fifo_i/clk_gate_gen_fifo_fifo_mem_q_reg_4__meta_tag_      5.0400     0.0     0.0000     5.0400     0.0000 SNPS_CLOCK_GATE_HIGH_hpdcache_fifo_reg_8_0_298242_7
gen_cache_hpd_i_cache_subsystem/i_dcache/i_hpdcache/gen_wbuf_hpdcache_wbuf_i/send_meta_fifo_i/clk_gate_gen_fifo_fifo_mem_q_reg_5__meta_tag_      5.0400     0.0     0.0000     5.0400     0.0000 SNPS_CLOCK_GATE_HIGH_hpdcache_fifo_reg_8_0_298242_8
gen_cache_hpd_i_cache_subsystem/i_dcache/i_hpdcache/gen_wbuf_hpdcache_wbuf_i/send_meta_fifo_i/clk_gate_gen_fifo_fifo_mem_q_reg_6__meta_tag_      5.0400     0.0     0.0000     5.0400     0.0000 SNPS_CLOCK_GATE_HIGH_hpdcache_fifo_reg_8_0_298242_9
gen_cache_hpd_i_cache_subsystem/i_dcache/i_hpdcache/gen_wbuf_hpdcache_wbuf_i/send_meta_fifo_i/clk_gate_gen_fifo_fifo_mem_q_reg_7__meta_tag_      5.0400     0.0     0.0000     5.0400     0.0000 SNPS_CLOCK_GATE_HIGH_hpdcache_fifo_reg_8_0_298242_0
gen_cache_hpd_i_cache_subsystem/i_dcache/i_hpdcache/gen_wbuf_hpdcache_wbuf_i/send_meta_fifo_i/clk_gate_gen_fifo_rptr_q_reg      5.0400     0.0     0.0000     5.0400     0.0000 SNPS_CLOCK_GATE_HIGH_hpdcache_fifo_reg_8_0_298242_2
gen_cache_hpd_i_cache_subsystem/i_dcache/i_hpdcache/gen_wbuf_hpdcache_wbuf_i/send_meta_fifo_i/clk_gate_gen_fifo_wptr_q_reg      5.0400     0.0     0.0000     5.0400     0.0000 SNPS_CLOCK_GATE_HIGH_hpdcache_fifo_reg_8_0_298242_1
gen_cache_hpd_i_cache_subsystem/i_dcache/i_hpdcache/gen_wbuf_hpdcache_wbuf_i/wbuf_send_data_ptr_mux_i     38.9200     0.0    38.9200     0.0000     0.0000 hpdcache_mux_00000008_3_1
gen_cache_hpd_i_cache_subsystem/i_dcache/i_hpdcache/gen_wbuf_hpdcache_wbuf_i/wbuf_send_meta_mux_i    416.0800     0.2   416.0800     0.0000     0.0000 hpdcache_mux_00000008_36_1
gen_cache_hpd_i_cache_subsystem/i_dcache/i_hpdcache/hpdcache_cmo_i    456.4000     0.2   164.0800   272.1600     0.0000 hpdcache_cmo__628242
gen_cache_hpd_i_cache_subsystem/i_dcache/i_hpdcache/hpdcache_cmo_i/clk_gate_cmoh_addr_q_reg      5.0400     0.0     0.0000     5.0400     0.0000 SNPS_CLOCK_GATE_HIGH_hpdcache_cmo__628242_3
gen_cache_hpd_i_cache_subsystem/i_dcache/i_hpdcache/hpdcache_cmo_i/clk_gate_cmoh_flush_req_way_q_reg      5.0400     0.0     0.0000     5.0400     0.0000 SNPS_CLOCK_GATE_HIGH_hpdcache_cmo__628242_1
gen_cache_hpd_i_cache_subsystem/i_dcache/i_hpdcache/hpdcache_cmo_i/clk_gate_cmoh_set_q_reg_0      5.0400     0.0     0.0000     5.0400     0.0000 SNPS_CLOCK_GATE_HIGH_hpdcache_cmo__628242_2
gen_cache_hpd_i_cache_subsystem/i_dcache/i_hpdcache/hpdcache_cmo_i/clk_gate_cmoh_way_q_reg_0      5.0400     0.0     0.0000     5.0400     0.0000 SNPS_CLOCK_GATE_HIGH_hpdcache_cmo__628242_5
gen_cache_hpd_i_cache_subsystem/i_dcache/i_hpdcache/hpdcache_ctrl_i   8123.9199     4.1   866.0400   889.5600     0.0000 hpdcache_ctrl__120242
gen_cache_hpd_i_cache_subsystem/i_dcache/i_hpdcache/hpdcache_ctrl_i/clk_gate_st1_req_q_reg_addr_offset_      5.0400     0.0     0.0000     5.0400     0.0000 SNPS_CLOCK_GATE_HIGH_hpdcache_ctrl__120242_0
gen_cache_hpd_i_cache_subsystem/i_dcache/i_hpdcache/hpdcache_ctrl_i/clk_gate_st2_dir_updt_fetch_q_reg      5.0400     0.0     0.0000     5.0400     0.0000 SNPS_CLOCK_GATE_HIGH_hpdcache_ctrl__120242_1
gen_cache_hpd_i_cache_subsystem/i_dcache/i_hpdcache/hpdcache_ctrl_i/clk_gate_st2_mshr_alloc_victim_way_q_reg      5.0400     0.0     0.0000     5.0400     0.0000 SNPS_CLOCK_GATE_HIGH_hpdcache_ctrl__120242_3
gen_cache_hpd_i_cache_subsystem/i_dcache/i_hpdcache/hpdcache_ctrl_i/dir_hit_way_encoder_i      1.1200     0.0     1.1200     0.0000     0.0000 hpdcache_1hot_to_binary_00000002_2
gen_cache_hpd_i_cache_subsystem/i_dcache/i_hpdcache/hpdcache_ctrl_i/hpdcache_ctrl_pe_i    312.2000     0.2   312.2000     0.0000     0.0000 hpdcache_ctrl_pe
gen_cache_hpd_i_cache_subsystem/i_dcache/i_hpdcache/hpdcache_ctrl_i/hpdcache_memctrl_i   1623.1600     0.8  1020.8800    84.2800     0.0000 hpdcache_memctrl__090242
gen_cache_hpd_i_cache_subsystem/i_dcache/i_hpdcache/hpdcache_ctrl_i/hpdcache_memctrl_i/clk_gate_dir_req_set_q_reg_1      5.0400     0.0     0.0000     5.0400     0.0000 SNPS_CLOCK_GATE_HIGH_hpdcache_memctrl__090242_0_73
gen_cache_hpd_i_cache_subsystem/i_dcache/i_hpdcache/hpdcache_ctrl_i/hpdcache_memctrl_i/clk_gate_init_set_q_reg_0      5.0400     0.0     0.0000     5.0400     0.0000 SNPS_CLOCK_GATE_HIGH_hpdcache_memctrl__090242_0
gen_cache_hpd_i_cache_subsystem/i_dcache/i_hpdcache/hpdcache_ctrl_i/hpdcache_memctrl_i/data_read_req_word_way_mux_i     80.6400     0.0    80.6400     0.0000     0.0000 hpdcache_mux_00000002_00000020_1
gen_cache_hpd_i_cache_subsystem/i_dcache/i_hpdcache/hpdcache_ctrl_i/hpdcache_memctrl_i/gen_data_sram_row_0__gen_data_sram_col_0__gen_data_sram_wbyteenable_data_sram      0.0000     0.0     0.0000     0.0000     0.0000 hpdcache_sram_wbyteenable_00000007_00000040
gen_cache_hpd_i_cache_subsystem/i_dcache/i_hpdcache/hpdcache_ctrl_i/hpdcache_memctrl_i/gen_data_sram_row_0__gen_data_sram_col_1__gen_data_sram_wbyteenable_data_sram      0.0000     0.0     0.0000     0.0000     0.0000 hpdcache_sram_wbyteenable_00000007_00000040
gen_cache_hpd_i_cache_subsystem/i_dcache/i_hpdcache/hpdcache_ctrl_i/hpdcache_memctrl_i/gen_dir_sram_0__dir_sram      0.0000     0.0     0.0000     0.0000     0.0000 hpdcache_sram_00000006_0000001c
gen_cache_hpd_i_cache_subsystem/i_dcache/i_hpdcache/hpdcache_ctrl_i/hpdcache_memctrl_i/gen_dir_sram_1__dir_sram      0.0000     0.0     0.0000     0.0000     0.0000 hpdcache_sram_00000006_0000001c
gen_cache_hpd_i_cache_subsystem/i_dcache/i_hpdcache/hpdcache_ctrl_i/hpdcache_memctrl_i/gen_req_width_lt_ram_width_data_read_req_word_mux_i    166.3200     0.1   166.3200     0.0000     0.0000 hpdcache_mux_00000002_00000040
gen_cache_hpd_i_cache_subsystem/i_dcache/i_hpdcache/hpdcache_ctrl_i/hpdcache_memctrl_i/gen_upsize_amo_req_write_amo_be_demux_i     12.0400     0.0    12.0400     0.0000     0.0000 hpdcache_demux_00000002_00000004_0_0
gen_cache_hpd_i_cache_subsystem/i_dcache/i_hpdcache/hpdcache_ctrl_i/hpdcache_memctrl_i/gen_upsize_data_req_write_data_req_write_be_demux_i     12.0400     0.0    12.0400     0.0000     0.0000 hpdcache_demux_00000002_00000004_0_1
gen_cache_hpd_i_cache_subsystem/i_dcache/i_hpdcache/hpdcache_ctrl_i/hpdcache_memctrl_i/hit_tag_mux_i     60.4800     0.0    60.4800     0.0000     0.0000 hpdcache_mux_00000002_00000018_1_2
gen_cache_hpd_i_cache_subsystem/i_dcache/i_hpdcache/hpdcache_ctrl_i/hpdcache_memctrl_i/victim_sel_i    115.9200     0.1     0.0000     0.0000     0.0000 hpdcache_victim_sel__236242
gen_cache_hpd_i_cache_subsystem/i_dcache/i_hpdcache/hpdcache_ctrl_i/hpdcache_memctrl_i/victim_sel_i/gen_random_victim_sel_victim_rand_i    115.9200     0.1    40.0400     0.0000     0.0000 hpdcache_victim_random__146949
gen_cache_hpd_i_cache_subsystem/i_dcache/i_hpdcache/hpdcache_ctrl_i/hpdcache_memctrl_i/victim_sel_i/gen_random_victim_sel_victim_rand_i/clean_victim_select_i      2.8000     0.0     2.8000     0.0000     0.0000 hpdcache_prio_1hot_encoder_00000002_1
gen_cache_hpd_i_cache_subsystem/i_dcache/i_hpdcache/hpdcache_ctrl_i/hpdcache_memctrl_i/victim_sel_i/gen_random_victim_sel_victim_rand_i/dirty_victim_select_i      2.8000     0.0     2.8000     0.0000     0.0000 hpdcache_prio_1hot_encoder_00000002_0
gen_cache_hpd_i_cache_subsystem/i_dcache/i_hpdcache/hpdcache_ctrl_i/hpdcache_memctrl_i/victim_sel_i/gen_random_victim_sel_victim_rand_i/lfsr_i     65.5200     0.0     6.7200    53.7600     0.0000 hpdcache_lfsr_1
gen_cache_hpd_i_cache_subsystem/i_dcache/i_hpdcache/hpdcache_ctrl_i/hpdcache_memctrl_i/victim_sel_i/gen_random_victim_sel_victim_rand_i/lfsr_i/clk_gate_lfsr_q_reg      5.0400     0.0     0.0000     5.0400     0.0000 SNPS_CLOCK_GATE_HIGH_hpdcache_lfsr_1
gen_cache_hpd_i_cache_subsystem/i_dcache/i_hpdcache/hpdcache_ctrl_i/hpdcache_memctrl_i/victim_sel_i/gen_random_victim_sel_victim_rand_i/rand_way_decoder_i      1.9600     0.0     1.9600     0.0000     0.0000 hpdcache_decoder_00000001_0
gen_cache_hpd_i_cache_subsystem/i_dcache/i_hpdcache/hpdcache_ctrl_i/hpdcache_memctrl_i/victim_sel_i/gen_random_victim_sel_victim_rand_i/unused_victim_select_i      2.8000     0.0     2.8000     0.0000     0.0000 hpdcache_prio_1hot_encoder_00000002_2
gen_cache_hpd_i_cache_subsystem/i_dcache/i_hpdcache/hpdcache_ctrl_i/hpdcache_memctrl_i/victim_tag_mux_i     60.4800     0.0    60.4800     0.0000     0.0000 hpdcache_mux_00000002_00000018_1_0
gen_cache_hpd_i_cache_subsystem/i_dcache/i_hpdcache/hpdcache_ctrl_i/hpdcache_rtab_i   4415.6000     2.2  1330.0000  2120.7200     0.0000 hpdcache_rtab__898242
gen_cache_hpd_i_cache_subsystem/i_dcache/i_hpdcache/hpdcache_ctrl_i/hpdcache_rtab_i/clk_gate_deps_q_reg_3__mshr_hit__clk_gate_deps_q_reg_3__write_miss_      5.0400     0.0     0.0000     5.0400     0.0000 SNPS_CLOCK_GATE_HIGH_hpdcache_rtab__898242_1_71
gen_cache_hpd_i_cache_subsystem/i_dcache/i_hpdcache/hpdcache_ctrl_i/hpdcache_rtab_i/clk_gate_deps_q_reg_3__wbuf_not_ready_      5.0400     0.0     0.0000     5.0400     0.0000 SNPS_CLOCK_GATE_HIGH_hpdcache_rtab__898242_2_72
gen_cache_hpd_i_cache_subsystem/i_dcache/i_hpdcache/hpdcache_ctrl_i/hpdcache_rtab_i/clk_gate_pop_try_next_q_reg      5.0400     0.0     0.0000     5.0400     0.0000 SNPS_CLOCK_GATE_HIGH_hpdcache_rtab__898242_0
gen_cache_hpd_i_cache_subsystem/i_dcache/i_hpdcache/hpdcache_ctrl_i/hpdcache_rtab_i/clk_gate_pop_try_state_q_reg      5.0400     0.0     0.0000     5.0400     0.0000 SNPS_CLOCK_GATE_HIGH_hpdcache_rtab__898242_7
gen_cache_hpd_i_cache_subsystem/i_dcache/i_hpdcache/hpdcache_ctrl_i/hpdcache_rtab_i/clk_gate_req_q_reg_0__req__addr_offset_      5.0400     0.0     0.0000     5.0400     0.0000 SNPS_CLOCK_GATE_HIGH_hpdcache_rtab__898242_3
gen_cache_hpd_i_cache_subsystem/i_dcache/i_hpdcache/hpdcache_ctrl_i/hpdcache_rtab_i/clk_gate_req_q_reg_1__req__addr_offset_      5.0400     0.0     0.0000     5.0400     0.0000 SNPS_CLOCK_GATE_HIGH_hpdcache_rtab__898242_4
gen_cache_hpd_i_cache_subsystem/i_dcache/i_hpdcache/hpdcache_ctrl_i/hpdcache_rtab_i/clk_gate_req_q_reg_2__req__addr_offset_      5.0400     0.0     0.0000     5.0400     0.0000 SNPS_CLOCK_GATE_HIGH_hpdcache_rtab__898242_5
gen_cache_hpd_i_cache_subsystem/i_dcache/i_hpdcache/hpdcache_ctrl_i/hpdcache_rtab_i/clk_gate_req_q_reg_3__req__addr_offset_      5.0400     0.0     0.0000     5.0400     0.0000 SNPS_CLOCK_GATE_HIGH_hpdcache_rtab__898242_6
gen_cache_hpd_i_cache_subsystem/i_dcache/i_hpdcache/hpdcache_ctrl_i/hpdcache_rtab_i/clk_gate_valid_q_reg_clk_gate_valid_q_reg_0      5.0400     0.0     0.0000     5.0400     0.0000 SNPS_CLOCK_GATE_HIGH_hpdcache_rtab__898242_0_70
gen_cache_hpd_i_cache_subsystem/i_dcache/i_hpdcache/hpdcache_ctrl_i/hpdcache_rtab_i/free_encoder_i      7.5600     0.0     7.5600     0.0000     0.0000 hpdcache_prio_1hot_encoder_00000004_6
gen_cache_hpd_i_cache_subsystem/i_dcache/i_hpdcache/hpdcache_ctrl_i/hpdcache_rtab_i/pop_arb_i     90.7200     0.0    38.0800    32.4800     0.0000 hpdcache_rrarb_1_0
gen_cache_hpd_i_cache_subsystem/i_dcache/i_hpdcache/hpdcache_ctrl_i/hpdcache_rtab_i/pop_arb_i/clk_gate_gnt_q_reg      5.0400     0.0     0.0000     5.0400     0.0000 SNPS_CLOCK_GATE_HIGH_hpdcache_rrarb_1_0_0
gen_cache_hpd_i_cache_subsystem/i_dcache/i_hpdcache/hpdcache_ctrl_i/hpdcache_rtab_i/pop_arb_i/prio_msk_i      7.5600     0.0     7.5600     0.0000     0.0000 hpdcache_prio_1hot_encoder_00000004_1
gen_cache_hpd_i_cache_subsystem/i_dcache/i_hpdcache/hpdcache_ctrl_i/hpdcache_rtab_i/pop_arb_i/prio_nomsk_i      7.5600     0.0     7.5600     0.0000     0.0000 hpdcache_prio_1hot_encoder_00000004_0
gen_cache_hpd_i_cache_subsystem/i_dcache/i_hpdcache/hpdcache_ctrl_i/hpdcache_rtab_i/pop_mux_i    432.0400     0.2   432.0400     0.0000     0.0000 hpdcache_mux_4_90_1
gen_cache_hpd_i_cache_subsystem/i_dcache/i_hpdcache/hpdcache_ctrl_i/hpdcache_rtab_i/wbuf_pending_addr_mux_i    161.2800     0.1   161.2800     0.0000     0.0000 hpdcache_mux_4_34_1
gen_cache_hpd_i_cache_subsystem/i_dcache/i_hpdcache/hpdcache_ctrl_i/hpdcache_rtab_i/wbuf_pending_arb_i     41.4400     0.0    10.9200    27.7200     0.0000 hpdcache_fxarb_00000002_0
gen_cache_hpd_i_cache_subsystem/i_dcache/i_hpdcache/hpdcache_ctrl_i/hpdcache_rtab_i/wbuf_pending_arb_i/prio_msk_i      2.8000     0.0     2.8000     0.0000     0.0000 hpdcache_prio_1hot_encoder_00000002_3
gen_cache_hpd_i_cache_subsystem/i_dcache/i_hpdcache/hpdcache_ctrl_i/hpdcache_rtab_i/wbuf_pending_is_read_mux_i      5.0400     0.0     5.0400     0.0000     0.0000 hpdcache_mux_4_1_1
gen_cache_hpd_i_cache_subsystem/i_dcache/i_hpdcache/hpdcache_ctrl_i/hpdcache_rtab_i/wbuf_rd_pending_arb_i     90.7200     0.0    38.0800    32.4800     0.0000 hpdcache_rrarb_1_2
gen_cache_hpd_i_cache_subsystem/i_dcache/i_hpdcache/hpdcache_ctrl_i/hpdcache_rtab_i/wbuf_rd_pending_arb_i/clk_gate_gnt_q_reg      5.0400     0.0     0.0000     5.0400     0.0000 SNPS_CLOCK_GATE_HIGH_hpdcache_rrarb_1_0_2
gen_cache_hpd_i_cache_subsystem/i_dcache/i_hpdcache/hpdcache_ctrl_i/hpdcache_rtab_i/wbuf_rd_pending_arb_i/prio_msk_i      7.5600     0.0     7.5600     0.0000     0.0000 hpdcache_prio_1hot_encoder_00000004_5
gen_cache_hpd_i_cache_subsystem/i_dcache/i_hpdcache/hpdcache_ctrl_i/hpdcache_rtab_i/wbuf_rd_pending_arb_i/prio_nomsk_i      7.5600     0.0     7.5600     0.0000     0.0000 hpdcache_prio_1hot_encoder_00000004_4
gen_cache_hpd_i_cache_subsystem/i_dcache/i_hpdcache/hpdcache_ctrl_i/hpdcache_rtab_i/wbuf_wr_pending_arb_i     90.7200     0.0    38.0800    32.4800     0.0000 hpdcache_rrarb_1_1
gen_cache_hpd_i_cache_subsystem/i_dcache/i_hpdcache/hpdcache_ctrl_i/hpdcache_rtab_i/wbuf_wr_pending_arb_i/clk_gate_gnt_q_reg      5.0400     0.0     0.0000     5.0400     0.0000 SNPS_CLOCK_GATE_HIGH_hpdcache_rrarb_1_0_1
gen_cache_hpd_i_cache_subsystem/i_dcache/i_hpdcache/hpdcache_ctrl_i/hpdcache_rtab_i/wbuf_wr_pending_arb_i/prio_msk_i      7.5600     0.0     7.5600     0.0000     0.0000 hpdcache_prio_1hot_encoder_00000004_3
gen_cache_hpd_i_cache_subsystem/i_dcache/i_hpdcache/hpdcache_ctrl_i/hpdcache_rtab_i/wbuf_wr_pending_arb_i/prio_nomsk_i      7.5600     0.0     7.5600     0.0000     0.0000 hpdcache_prio_1hot_encoder_00000004_2
gen_cache_hpd_i_cache_subsystem/i_dcache/i_hpdcache/hpdcache_ctrl_i/refill_way_encoder_i      1.1200     0.0     1.1200     0.0000     0.0000 hpdcache_1hot_to_binary_00000002_1
gen_cache_hpd_i_cache_subsystem/i_dcache/i_hpdcache/hpdcache_mem_req_read_arbiter_i    149.8000     0.1     7.2800     0.0000     0.0000 hpdcache_mem_req_read_arbiter_1_0
gen_cache_hpd_i_cache_subsystem/i_dcache/i_hpdcache/hpdcache_mem_req_read_arbiter_i/hpdcache_fxarb_mem_req_write_i     43.9600     0.0    13.4400    27.7200     0.0000 hpdcache_fxarb_00000002_1
gen_cache_hpd_i_cache_subsystem/i_dcache/i_hpdcache/hpdcache_mem_req_read_arbiter_i/hpdcache_fxarb_mem_req_write_i/prio_msk_i      2.8000     0.0     2.8000     0.0000     0.0000 hpdcache_prio_1hot_encoder_00000002_4
gen_cache_hpd_i_cache_subsystem/i_dcache/i_hpdcache/hpdcache_mem_req_read_arbiter_i/mem_read_req_mux_i     98.5600     0.0    98.5600     0.0000     0.0000 hpdcache_mux_00000002_86_1_0
gen_cache_hpd_i_cache_subsystem/i_dcache/i_hpdcache/hpdcache_mem_req_write_arbiter_i    817.0400     0.4    20.4400     0.0000     0.0000 hpdcache_mem_req_write_arbiter_1
gen_cache_hpd_i_cache_subsystem/i_dcache/i_hpdcache/hpdcache_mem_req_write_arbiter_i/data_mux_i    189.5600     0.1   189.5600     0.0000     0.0000 hpdcache_mux_00000003_73_1
gen_cache_hpd_i_cache_subsystem/i_dcache/i_hpdcache/hpdcache_mem_req_write_arbiter_i/hpdcache_fxarb_mem_req_write_i     41.4400     0.0    10.9200    27.7200     0.0000 hpdcache_fxarb_00000003
gen_cache_hpd_i_cache_subsystem/i_dcache/i_hpdcache/hpdcache_mem_req_write_arbiter_i/hpdcache_fxarb_mem_req_write_i/prio_msk_i      2.8000     0.0     2.8000     0.0000     0.0000 hpdcache_prio_1hot_encoder_00000003
gen_cache_hpd_i_cache_subsystem/i_dcache/i_hpdcache/hpdcache_mem_req_write_arbiter_i/req_fifo_i    369.6000     0.2     0.0000     0.0000     0.0000 hpdcache_fifo_reg_1_1_341242
gen_cache_hpd_i_cache_subsystem/i_dcache/i_hpdcache/hpdcache_mem_req_write_arbiter_i/req_fifo_i/gen_buffer_i_sync_buffer    369.6000     0.2   134.1200   230.4400     0.0000 hpdcache_sync_buffer_1_341242
gen_cache_hpd_i_cache_subsystem/i_dcache/i_hpdcache/hpdcache_mem_req_write_arbiter_i/req_fifo_i/gen_buffer_i_sync_buffer/clk_gate_buf_q_reg_mem_req_addr_      5.0400     0.0     0.0000     5.0400     0.0000 SNPS_CLOCK_GATE_HIGH_hpdcache_sync_buffer_1_341242
gen_cache_hpd_i_cache_subsystem/i_dcache/i_hpdcache/hpdcache_mem_req_write_arbiter_i/req_gnt_fifo_i     89.3200     0.0    47.6000    41.7200     0.0000 hpdcache_fifo_reg_2_1_465242
gen_cache_hpd_i_cache_subsystem/i_dcache/i_hpdcache/hpdcache_mem_req_write_arbiter_i/req_mux_i    106.6800     0.1   106.6800     0.0000     0.0000 hpdcache_mux_00000003_86_1
gen_cache_hpd_i_cache_subsystem/i_dcache/i_hpdcache/hpdcache_miss_handler_i   2832.2000     1.4    95.7600   381.6400     0.0000 hpdcache_miss_handler__225242
gen_cache_hpd_i_cache_subsystem/i_dcache/i_hpdcache/hpdcache_miss_handler_i/clk_gate_mshr_alloc_nline_q_reg      5.0400     0.0     0.0000     5.0400     0.0000 SNPS_CLOCK_GATE_HIGH_hpdcache_miss_handler__225242_0
gen_cache_hpd_i_cache_subsystem/i_dcache/i_hpdcache/hpdcache_miss_handler_i/clk_gate_refill_core_rsp_word_q_reg      5.0400     0.0     0.0000     5.0400     0.0000 SNPS_CLOCK_GATE_HIGH_hpdcache_miss_handler__225242_1
gen_cache_hpd_i_cache_subsystem/i_dcache/i_hpdcache/hpdcache_miss_handler_i/gen_core_rsp_data_mux_data_read_rsp_mux_i     83.4400     0.0    83.4400     0.0000     0.0000 hpdcache_mux_00000002_00000020_2
gen_cache_hpd_i_cache_subsystem/i_dcache/i_hpdcache/hpdcache_miss_handler_i/hpdcache_mshr_i   1208.7600     0.6   345.5200   140.5600     0.0000 hpdcache_mshr__252242
gen_cache_hpd_i_cache_subsystem/i_dcache/i_hpdcache/hpdcache_miss_handler_i/hpdcache_mshr_i/clk_gate_check_cache_set_q_reg      5.0400     0.0     0.0000     5.0400     0.0000 SNPS_CLOCK_GATE_HIGH_hpdcache_mshr__252242_0
gen_cache_hpd_i_cache_subsystem/i_dcache/i_hpdcache/hpdcache_miss_handler_i/hpdcache_mshr_i/clk_gate_mshr_cache_set_q_reg_0_      5.0400     0.0     0.0000     5.0400     0.0000 SNPS_CLOCK_GATE_HIGH_hpdcache_mshr__252242_1
gen_cache_hpd_i_cache_subsystem/i_dcache/i_hpdcache/hpdcache_miss_handler_i/hpdcache_mshr_i/clk_gate_mshr_cache_set_q_reg_1_      5.0400     0.0     0.0000     5.0400     0.0000 SNPS_CLOCK_GATE_HIGH_hpdcache_mshr__252242_2
gen_cache_hpd_i_cache_subsystem/i_dcache/i_hpdcache/hpdcache_miss_handler_i/hpdcache_mshr_i/gen_mshr_wbyteenable_gen_mshr_regbank_mshr_mem    707.5600     0.4    12.6000   649.6000     0.0000 hpdcache_regbank_wbyteenable_1rw_00000001_00000050_00000001
gen_cache_hpd_i_cache_subsystem/i_dcache/i_hpdcache/hpdcache_miss_handler_i/hpdcache_mshr_i/gen_mshr_wbyteenable_gen_mshr_regbank_mshr_mem/clk_gate_mem_reg_0__0      5.0400     0.0     0.0000     5.0400     0.0000 SNPS_CLOCK_GATE_HIGH_hpdcache_regbank_wbyteenable_1rw_00000001_00000050_00000001_9
gen_cache_hpd_i_cache_subsystem/i_dcache/i_hpdcache/hpdcache_miss_handler_i/hpdcache_mshr_i/gen_mshr_wbyteenable_gen_mshr_regbank_mshr_mem/clk_gate_mem_reg_0__1      5.0400     0.0     0.0000     5.0400     0.0000 SNPS_CLOCK_GATE_HIGH_hpdcache_regbank_wbyteenable_1rw_00000001_00000050_00000001_8
gen_cache_hpd_i_cache_subsystem/i_dcache/i_hpdcache/hpdcache_miss_handler_i/hpdcache_mshr_i/gen_mshr_wbyteenable_gen_mshr_regbank_mshr_mem/clk_gate_mem_reg_0__2      5.0400     0.0     0.0000     5.0400     0.0000 SNPS_CLOCK_GATE_HIGH_hpdcache_regbank_wbyteenable_1rw_00000001_00000050_00000001_7
gen_cache_hpd_i_cache_subsystem/i_dcache/i_hpdcache/hpdcache_miss_handler_i/hpdcache_mshr_i/gen_mshr_wbyteenable_gen_mshr_regbank_mshr_mem/clk_gate_mem_reg_0__3      5.0400     0.0     0.0000     5.0400     0.0000 SNPS_CLOCK_GATE_HIGH_hpdcache_regbank_wbyteenable_1rw_00000001_00000050_00000001_6
gen_cache_hpd_i_cache_subsystem/i_dcache/i_hpdcache/hpdcache_miss_handler_i/hpdcache_mshr_i/gen_mshr_wbyteenable_gen_mshr_regbank_mshr_mem/clk_gate_mem_reg_0__5      5.0400     0.0     0.0000     5.0400     0.0000 SNPS_CLOCK_GATE_HIGH_hpdcache_regbank_wbyteenable_1rw_00000001_00000050_00000001_4
gen_cache_hpd_i_cache_subsystem/i_dcache/i_hpdcache/hpdcache_miss_handler_i/hpdcache_mshr_i/gen_mshr_wbyteenable_gen_mshr_regbank_mshr_mem/clk_gate_mem_reg_0__6      5.0400     0.0     0.0000     5.0400     0.0000 SNPS_CLOCK_GATE_HIGH_hpdcache_regbank_wbyteenable_1rw_00000001_00000050_00000001_3
gen_cache_hpd_i_cache_subsystem/i_dcache/i_hpdcache/hpdcache_miss_handler_i/hpdcache_mshr_i/gen_mshr_wbyteenable_gen_mshr_regbank_mshr_mem/clk_gate_mem_reg_0__7      5.0400     0.0     0.0000     5.0400     0.0000 SNPS_CLOCK_GATE_HIGH_hpdcache_regbank_wbyteenable_1rw_00000001_00000050_00000001_2
gen_cache_hpd_i_cache_subsystem/i_dcache/i_hpdcache/hpdcache_miss_handler_i/hpdcache_mshr_i/gen_mshr_wbyteenable_gen_mshr_regbank_mshr_mem/clk_gate_mem_reg_0__8      5.0400     0.0     0.0000     5.0400     0.0000 SNPS_CLOCK_GATE_HIGH_hpdcache_regbank_wbyteenable_1rw_00000001_00000050_00000001_1
gen_cache_hpd_i_cache_subsystem/i_dcache/i_hpdcache/hpdcache_miss_handler_i/hpdcache_mshr_i/gen_mshr_wbyteenable_gen_mshr_regbank_mshr_mem/clk_gate_rdata_reg      5.0400     0.0     0.0000     5.0400     0.0000 SNPS_CLOCK_GATE_HIGH_hpdcache_regbank_wbyteenable_1rw_00000001_00000050_00000001_0
gen_cache_hpd_i_cache_subsystem/i_dcache/i_hpdcache/hpdcache_miss_handler_i/i_data_resize    931.0000     0.5     0.0000     0.0000     0.0000 hpdcache_data_resize_s00000040_s00000040_2
gen_cache_hpd_i_cache_subsystem/i_dcache/i_hpdcache/hpdcache_miss_handler_i/i_data_resize/gen_noresize_fifo_i    931.0000     0.5   184.8000   736.1200     0.0000 hpdcache_fifo_reg_2_0_320242
gen_cache_hpd_i_cache_subsystem/i_dcache/i_hpdcache/hpdcache_miss_handler_i/i_data_resize/gen_noresize_fifo_i/clk_gate_gen_fifo_fifo_mem_q_reg_0_      5.0400     0.0     0.0000     5.0400     0.0000 SNPS_CLOCK_GATE_HIGH_hpdcache_fifo_reg_2_0_320242_1
gen_cache_hpd_i_cache_subsystem/i_dcache/i_hpdcache/hpdcache_miss_handler_i/i_data_resize/gen_noresize_fifo_i/clk_gate_gen_fifo_fifo_mem_q_reg_1_      5.0400     0.0     0.0000     5.0400     0.0000 SNPS_CLOCK_GATE_HIGH_hpdcache_fifo_reg_2_0_320242_0
gen_cache_hpd_i_cache_subsystem/i_dcache/i_hpdcache/hpdcache_miss_handler_i/i_r_metadata_fifo     75.3200     0.0    23.5200    41.7200     0.0000 hpdcache_fifo_reg_3
gen_cache_hpd_i_cache_subsystem/i_dcache/i_hpdcache/hpdcache_miss_handler_i/i_r_metadata_fifo/clk_gate_gen_fifo_fifo_mem_q_reg_0__r_error_      5.0400     0.0     0.0000     5.0400     0.0000 SNPS_CLOCK_GATE_HIGH_hpdcache_fifo_reg_3_1
gen_cache_hpd_i_cache_subsystem/i_dcache/i_hpdcache/hpdcache_miss_handler_i/i_r_metadata_fifo/clk_gate_gen_fifo_fifo_mem_q_reg_1__r_error_      5.0400     0.0     0.0000     5.0400     0.0000 SNPS_CLOCK_GATE_HIGH_hpdcache_fifo_reg_3_0
gen_cache_hpd_i_cache_subsystem/i_dcache/i_hpdcache/hpdcache_miss_handler_i/i_refill_core_rsp_buf     42.0000     0.0     0.0000     0.0000     0.0000 hpdcache_fifo_reg_1_1_324242
gen_cache_hpd_i_cache_subsystem/i_dcache/i_hpdcache/hpdcache_miss_handler_i/i_refill_core_rsp_buf/gen_buffer_i_sync_buffer     42.0000     0.0    42.0000     0.0000     0.0000 hpdcache_sync_buffer_1_324242
gen_cache_hpd_i_cache_subsystem/i_dcache/i_hpdcache/hpdcache_miss_handler_i/victim_way_decoder_i      3.0800     0.0     3.0800     0.0000     0.0000 hpdcache_decoder_00000001_1
gen_cache_hpd_i_cache_subsystem/i_dcache/i_hpdcache/hpdcache_miss_handler_i/victim_way_encoder_i      1.1200     0.0     1.1200     0.0000     0.0000 hpdcache_1hot_to_binary_00000002_0
gen_cache_hpd_i_cache_subsystem/i_dcache/i_hpdcache/hpdcache_uc_i   2520.8400     1.3   848.4000   822.0800     0.0000 hpdcache_uncached__186242
gen_cache_hpd_i_cache_subsystem/i_dcache/i_hpdcache/hpdcache_uc_i/amo_unit_i    733.6000     0.4   733.6000     0.0000     0.0000 hpdcache_amo
gen_cache_hpd_i_cache_subsystem/i_dcache/i_hpdcache/hpdcache_uc_i/clk_gate_lrsc_rsrv_addr_q_reg      5.0400     0.0     0.0000     5.0400     0.0000 SNPS_CLOCK_GATE_HIGH_hpdcache_uncached__186242_2
gen_cache_hpd_i_cache_subsystem/i_dcache/i_hpdcache/hpdcache_uc_i/clk_gate_req_need_rsp_q_reg      5.0400     0.0     0.0000     5.0400     0.0000 SNPS_CLOCK_GATE_HIGH_hpdcache_uncached__186242_0
gen_cache_hpd_i_cache_subsystem/i_dcache/i_hpdcache/hpdcache_uc_i/clk_gate_rsp_rdata_q_reg_0_      5.0400     0.0     0.0000     5.0400     0.0000 SNPS_CLOCK_GATE_HIGH_hpdcache_uncached__186242_1
gen_cache_hpd_i_cache_subsystem/i_dcache/i_hpdcache/hpdcache_uc_i/clk_gate_uc_fsm_q_reg      5.0400     0.0     0.0000     5.0400     0.0000 SNPS_CLOCK_GATE_HIGH_hpdcache_uncached__186242_3
gen_cache_hpd_i_cache_subsystem/i_dcache/i_hpdcache/hpdcache_uc_i/gen_downsize_core_rsp_data_data_read_rsp_mux_i     84.5600     0.0    84.5600     0.0000     0.0000 hpdcache_mux_00000002_00000020_0
gen_cache_hpd_i_cache_subsystem/i_dcache/i_hpdcache/hpdcache_uc_i/gen_upsize_mem_req_data_mem_write_be_demux_i     12.0400     0.0    12.0400     0.0000     0.0000 hpdcache_demux_00000002_00000004
i_cva6_rvfi_probes                  1597.6800      0.8   1597.6800      0.0000      0.0000  cva6_rvfi_probes__331242
i_frontend                         15068.2001      7.5   2934.9600    890.1200      0.0000  frontend__594242
i_frontend/bht_gen_i_bht            1159.2000      0.6    515.7600    618.2400      0.0000  bht_00000020_219242
i_frontend/bht_gen_i_bht/clk_gate_bht_q_reg_7__3__saturation_counter__clk_gate_bht_q_reg_2__3__saturation_counter_      5.0400     0.0     0.0000     5.0400     0.0000 SNPS_CLOCK_GATE_HIGH_bht_00000020_219242_4
i_frontend/bht_gen_i_bht/clk_gate_bht_q_reg_7__3__saturation_counter__clk_gate_bht_q_reg_7__2__saturation_counter_      5.0400     0.0     0.0000     5.0400     0.0000 SNPS_CLOCK_GATE_HIGH_bht_00000020_219242_0_14
i_frontend/bht_gen_i_bht/clk_gate_bht_q_reg_7__3__saturation_counter__clk_gate_bht_q_reg_7__3__saturation_counter__0      5.0400     0.0     0.0000     5.0400     0.0000 SNPS_CLOCK_GATE_HIGH_bht_00000020_219242_1_15
i_frontend/bht_gen_i_bht/clk_gate_bht_q_reg_7__3__valid__clk_gate_bht_q_reg_3__3__valid_      5.0400     0.0     0.0000     5.0400     0.0000 SNPS_CLOCK_GATE_HIGH_bht_00000020_219242_3
i_frontend/bht_gen_i_bht/clk_gate_bht_q_reg_7__3__valid__clk_gate_bht_q_reg_7__3__valid__0      5.0400     0.0     0.0000     5.0400     0.0000 SNPS_CLOCK_GATE_HIGH_bht_00000020_219242_2
i_frontend/clk_gate_bht_q_reg_valid_      5.0400     0.0     0.0000     5.0400      0.0000  SNPS_CLOCK_GATE_HIGH_frontend__594242
i_frontend/clk_gate_npc_q_reg          5.0400      0.0      0.0000      5.0400      0.0000  SNPS_CLOCK_GATE_HIGH_frontend__594242_0
i_frontend/gen_instr_scan_0__i_instr_scan    160.7200     0.1   160.7200     0.0000     0.0000 instr_scan__674949_3
i_frontend/gen_instr_scan_1__i_instr_scan    160.4400     0.1   160.4400     0.0000     0.0000 instr_scan__674949_2
i_frontend/gen_instr_scan_2__i_instr_scan    161.8400     0.1   161.8400     0.0000     0.0000 instr_scan__674949_1
i_frontend/gen_instr_scan_3__i_instr_scan     94.0800     0.0    94.0800     0.0000     0.0000 instr_scan__674949_0
i_frontend/i_instr_queue            7824.3201      3.9   2034.4800    274.9600      0.0000  instr_queue__726242
i_frontend/i_instr_queue/clk_gate_pc_q_reg_0      5.0400     0.0     0.0000     5.0400     0.0000 SNPS_CLOCK_GATE_HIGH_instr_queue__726242_1
i_frontend/i_instr_queue/gen_instr_fifo_0__i_fifo_instr_data   1235.6400     0.6   260.4000   950.0400     0.0000 cva6_fifo_v3_00000004_0_186242_3
i_frontend/i_instr_queue/gen_instr_fifo_0__i_fifo_instr_data/clk_gate_mem_q_reg_0__instr_      5.0400     0.0     0.0000     5.0400     0.0000 SNPS_CLOCK_GATE_HIGH_cva6_fifo_v3_00000004_0_186242_0_15
i_frontend/i_instr_queue/gen_instr_fifo_0__i_fifo_instr_data/clk_gate_mem_q_reg_1__instr_      5.0400     0.0     0.0000     5.0400     0.0000 SNPS_CLOCK_GATE_HIGH_cva6_fifo_v3_00000004_0_186242_0_16
i_frontend/i_instr_queue/gen_instr_fifo_0__i_fifo_instr_data/clk_gate_mem_q_reg_2__instr_      5.0400     0.0     0.0000     5.0400     0.0000 SNPS_CLOCK_GATE_HIGH_cva6_fifo_v3_00000004_0_186242_0_17
i_frontend/i_instr_queue/gen_instr_fifo_0__i_fifo_instr_data/clk_gate_mem_q_reg_3__instr_      5.0400     0.0     0.0000     5.0400     0.0000 SNPS_CLOCK_GATE_HIGH_cva6_fifo_v3_00000004_0_186242_0_18
i_frontend/i_instr_queue/gen_instr_fifo_0__i_fifo_instr_data/clk_gate_status_cnt_q_reg      5.0400     0.0     0.0000     5.0400     0.0000 SNPS_CLOCK_GATE_HIGH_cva6_fifo_v3_00000004_0_186242_0_19
i_frontend/i_instr_queue/gen_instr_fifo_1__i_fifo_instr_data   1235.0800     0.6   259.8400   950.0400     0.0000 cva6_fifo_v3_00000004_0_186242_2
i_frontend/i_instr_queue/gen_instr_fifo_1__i_fifo_instr_data/clk_gate_mem_q_reg_0__instr_      5.0400     0.0     0.0000     5.0400     0.0000 SNPS_CLOCK_GATE_HIGH_cva6_fifo_v3_00000004_0_186242_0_10
i_frontend/i_instr_queue/gen_instr_fifo_1__i_fifo_instr_data/clk_gate_mem_q_reg_1__instr_      5.0400     0.0     0.0000     5.0400     0.0000 SNPS_CLOCK_GATE_HIGH_cva6_fifo_v3_00000004_0_186242_0_11
i_frontend/i_instr_queue/gen_instr_fifo_1__i_fifo_instr_data/clk_gate_mem_q_reg_2__instr_      5.0400     0.0     0.0000     5.0400     0.0000 SNPS_CLOCK_GATE_HIGH_cva6_fifo_v3_00000004_0_186242_0_12
i_frontend/i_instr_queue/gen_instr_fifo_1__i_fifo_instr_data/clk_gate_mem_q_reg_3__instr_      5.0400     0.0     0.0000     5.0400     0.0000 SNPS_CLOCK_GATE_HIGH_cva6_fifo_v3_00000004_0_186242_0_13
i_frontend/i_instr_queue/gen_instr_fifo_1__i_fifo_instr_data/clk_gate_status_cnt_q_reg      5.0400     0.0     0.0000     5.0400     0.0000 SNPS_CLOCK_GATE_HIGH_cva6_fifo_v3_00000004_0_186242_0_14
i_frontend/i_instr_queue/gen_instr_fifo_2__i_fifo_instr_data   1222.2000     0.6   246.9600   950.0400     0.0000 cva6_fifo_v3_00000004_0_186242_1
i_frontend/i_instr_queue/gen_instr_fifo_2__i_fifo_instr_data/clk_gate_mem_q_reg_0__instr_      5.0400     0.0     0.0000     5.0400     0.0000 SNPS_CLOCK_GATE_HIGH_cva6_fifo_v3_00000004_0_186242_0_5
i_frontend/i_instr_queue/gen_instr_fifo_2__i_fifo_instr_data/clk_gate_mem_q_reg_1__instr_      5.0400     0.0     0.0000     5.0400     0.0000 SNPS_CLOCK_GATE_HIGH_cva6_fifo_v3_00000004_0_186242_0_6
i_frontend/i_instr_queue/gen_instr_fifo_2__i_fifo_instr_data/clk_gate_mem_q_reg_2__instr_      5.0400     0.0     0.0000     5.0400     0.0000 SNPS_CLOCK_GATE_HIGH_cva6_fifo_v3_00000004_0_186242_0_7
i_frontend/i_instr_queue/gen_instr_fifo_2__i_fifo_instr_data/clk_gate_mem_q_reg_3__instr_      5.0400     0.0     0.0000     5.0400     0.0000 SNPS_CLOCK_GATE_HIGH_cva6_fifo_v3_00000004_0_186242_0_8
i_frontend/i_instr_queue/gen_instr_fifo_2__i_fifo_instr_data/clk_gate_status_cnt_q_reg      5.0400     0.0     0.0000     5.0400     0.0000 SNPS_CLOCK_GATE_HIGH_cva6_fifo_v3_00000004_0_186242_0_9
i_frontend/i_instr_queue/gen_instr_fifo_3__i_fifo_instr_data   1232.8400     0.6   257.6000   950.0400     0.0000 cva6_fifo_v3_00000004_0_186242_0
i_frontend/i_instr_queue/gen_instr_fifo_3__i_fifo_instr_data/clk_gate_mem_q_reg_0__instr_      5.0400     0.0     0.0000     5.0400     0.0000 SNPS_CLOCK_GATE_HIGH_cva6_fifo_v3_00000004_0_186242_0_1
i_frontend/i_instr_queue/gen_instr_fifo_3__i_fifo_instr_data/clk_gate_mem_q_reg_1__instr_      5.0400     0.0     0.0000     5.0400     0.0000 SNPS_CLOCK_GATE_HIGH_cva6_fifo_v3_00000004_0_186242_0_2
i_frontend/i_instr_queue/gen_instr_fifo_3__i_fifo_instr_data/clk_gate_mem_q_reg_2__instr_      5.0400     0.0     0.0000     5.0400     0.0000 SNPS_CLOCK_GATE_HIGH_cva6_fifo_v3_00000004_0_186242_0_3
i_frontend/i_instr_queue/gen_instr_fifo_3__i_fifo_instr_data/clk_gate_mem_q_reg_3__instr_      5.0400     0.0     0.0000     5.0400     0.0000 SNPS_CLOCK_GATE_HIGH_cva6_fifo_v3_00000004_0_186242_0_4
i_frontend/i_instr_queue/gen_instr_fifo_3__i_fifo_instr_data/clk_gate_status_cnt_q_reg      5.0400     0.0     0.0000     5.0400     0.0000 SNPS_CLOCK_GATE_HIGH_cva6_fifo_v3_00000004_0_186242_0_0
i_frontend/i_instr_queue/gen_multiple_instr_per_fetch_with_c_i_lzc_branch_index      3.3600     0.0     3.3600     0.0000     0.0000 lzc_00000004_0
i_frontend/i_instr_queue/gen_multiple_instr_per_fetch_with_c_i_popcount     15.1200     0.0     8.4000     0.0000     0.0000 popcount_00000004_16
i_frontend/i_instr_queue/gen_multiple_instr_per_fetch_with_c_i_popcount/non_leaf_node_left_child      3.3600     0.0     3.3600     0.0000     0.0000 popcount_00000002_33
i_frontend/i_instr_queue/gen_multiple_instr_per_fetch_with_c_i_popcount/non_leaf_node_right_child      3.3600     0.0     3.3600     0.0000     0.0000 popcount_00000002_32
i_frontend/i_instr_queue/i_fifo_address    565.6000     0.3   117.6000   437.9200     0.0000 cva6_fifo_v3_00000020_00000002_0
i_frontend/i_instr_queue/i_fifo_address/clk_gate_mem_q_reg_0_      5.0400     0.0     0.0000     5.0400     0.0000 SNPS_CLOCK_GATE_HIGH_cva6_fifo_v3_00000020_00000002_0_1
i_frontend/i_instr_queue/i_fifo_address/clk_gate_mem_q_reg_1_      5.0400     0.0     0.0000     5.0400     0.0000 SNPS_CLOCK_GATE_HIGH_cva6_fifo_v3_00000020_00000002_0_0
i_frontend/i_instr_realign          1093.9600      0.5    785.1200    303.8000      0.0000  instr_realign__674949
i_frontend/i_instr_realign/clk_gate_unaligned_instr_q_reg      5.0400     0.0     0.0000     5.0400     0.0000 SNPS_CLOCK_GATE_HIGH_instr_realign__674949
i_frontend/ras_gen_i_ras             578.4800      0.3    143.3600    425.0400      0.0000  ras_00000002_081242
i_frontend/ras_gen_i_ras/clk_gate_stack_q_reg_0__valid_      5.0400     0.0     0.0000     5.0400     0.0000 SNPS_CLOCK_GATE_HIGH_ras_00000002_081242_1
i_frontend/ras_gen_i_ras/clk_gate_stack_q_reg_1__valid_      5.0400     0.0     0.0000     5.0400     0.0000 SNPS_CLOCK_GATE_HIGH_ras_00000002_081242_0
id_stage_i                          5794.6000      2.9   1025.0800   2264.6400      0.0000  id_stage__831242
id_stage_i/clk_gate_issue_q_reg_0__sbe__pc_      5.0400     0.0     0.0000     5.0400     0.0000 SNPS_CLOCK_GATE_HIGH_id_stage__831242_1
id_stage_i/clk_gate_issue_q_reg_1__sbe__pc_      5.0400     0.0     0.0000     5.0400     0.0000 SNPS_CLOCK_GATE_HIGH_id_stage__831242_0
id_stage_i/genblk1_genblk1_0__compressed_decoder_i    395.9200     0.2   395.9200     0.0000     0.0000 compressed_decoder__674949_1
id_stage_i/genblk1_genblk1_1__compressed_decoder_i    403.4800     0.2   403.4800     0.0000     0.0000 compressed_decoder__674949_0
id_stage_i/genblk1_genblk2_i_cvxif_compressed_if_driver_i    331.2400     0.2   331.2400     0.0000     0.0000 cvxif_compressed_if_driver__815242
id_stage_i/genblk2_0__decoder_i      679.8400      0.3    679.8400      0.0000      0.0000  decoder__569949_1
id_stage_i/genblk2_1__decoder_i      684.3200      0.3    684.3200      0.0000      0.0000  decoder__569949_0
issue_stage_i                      41023.6403     20.5     40.8800      0.0000      0.0000  issue_stage__337242
issue_stage_i/i_issue_read_operands  25751.0402    12.9  3862.8800   1951.6000      0.0000  issue_read_operands__359242
issue_stage_i/i_issue_read_operands/clk_gate_pc_o_reg      5.0400     0.0     0.0000     5.0400     0.0000 SNPS_CLOCK_GATE_HIGH_issue_read_operands__359242
issue_stage_i/i_issue_read_operands/gen_asic_regfile_i_ariane_regfile  14813.1202     7.4  8268.4001  6388.4801     0.0000 ariane_regfile_00000020_00000004_1_674949
issue_stage_i/i_issue_read_operands/gen_asic_regfile_i_ariane_regfile/clk_gate_mem_reg_10_      5.0400     0.0     0.0000     5.0400     0.0000 SNPS_CLOCK_GATE_HIGH_ariane_regfile_00000020_00000004_1_674949_10
issue_stage_i/i_issue_read_operands/gen_asic_regfile_i_ariane_regfile/clk_gate_mem_reg_11_      5.0400     0.0     0.0000     5.0400     0.0000 SNPS_CLOCK_GATE_HIGH_ariane_regfile_00000020_00000004_1_674949_11
issue_stage_i/i_issue_read_operands/gen_asic_regfile_i_ariane_regfile/clk_gate_mem_reg_12_      5.0400     0.0     0.0000     5.0400     0.0000 SNPS_CLOCK_GATE_HIGH_ariane_regfile_00000020_00000004_1_674949_12
issue_stage_i/i_issue_read_operands/gen_asic_regfile_i_ariane_regfile/clk_gate_mem_reg_13_      5.0400     0.0     0.0000     5.0400     0.0000 SNPS_CLOCK_GATE_HIGH_ariane_regfile_00000020_00000004_1_674949_13
issue_stage_i/i_issue_read_operands/gen_asic_regfile_i_ariane_regfile/clk_gate_mem_reg_14_      5.0400     0.0     0.0000     5.0400     0.0000 SNPS_CLOCK_GATE_HIGH_ariane_regfile_00000020_00000004_1_674949_14
issue_stage_i/i_issue_read_operands/gen_asic_regfile_i_ariane_regfile/clk_gate_mem_reg_15_      5.0400     0.0     0.0000     5.0400     0.0000 SNPS_CLOCK_GATE_HIGH_ariane_regfile_00000020_00000004_1_674949_15
issue_stage_i/i_issue_read_operands/gen_asic_regfile_i_ariane_regfile/clk_gate_mem_reg_16_      5.0400     0.0     0.0000     5.0400     0.0000 SNPS_CLOCK_GATE_HIGH_ariane_regfile_00000020_00000004_1_674949_16
issue_stage_i/i_issue_read_operands/gen_asic_regfile_i_ariane_regfile/clk_gate_mem_reg_17_      5.0400     0.0     0.0000     5.0400     0.0000 SNPS_CLOCK_GATE_HIGH_ariane_regfile_00000020_00000004_1_674949_17
issue_stage_i/i_issue_read_operands/gen_asic_regfile_i_ariane_regfile/clk_gate_mem_reg_18_      5.0400     0.0     0.0000     5.0400     0.0000 SNPS_CLOCK_GATE_HIGH_ariane_regfile_00000020_00000004_1_674949_18
issue_stage_i/i_issue_read_operands/gen_asic_regfile_i_ariane_regfile/clk_gate_mem_reg_19_      5.0400     0.0     0.0000     5.0400     0.0000 SNPS_CLOCK_GATE_HIGH_ariane_regfile_00000020_00000004_1_674949_19
issue_stage_i/i_issue_read_operands/gen_asic_regfile_i_ariane_regfile/clk_gate_mem_reg_1_      5.0400     0.0     0.0000     5.0400     0.0000 SNPS_CLOCK_GATE_HIGH_ariane_regfile_00000020_00000004_1_674949_1
issue_stage_i/i_issue_read_operands/gen_asic_regfile_i_ariane_regfile/clk_gate_mem_reg_20_      5.0400     0.0     0.0000     5.0400     0.0000 SNPS_CLOCK_GATE_HIGH_ariane_regfile_00000020_00000004_1_674949_20
issue_stage_i/i_issue_read_operands/gen_asic_regfile_i_ariane_regfile/clk_gate_mem_reg_21_      5.0400     0.0     0.0000     5.0400     0.0000 SNPS_CLOCK_GATE_HIGH_ariane_regfile_00000020_00000004_1_674949_21
issue_stage_i/i_issue_read_operands/gen_asic_regfile_i_ariane_regfile/clk_gate_mem_reg_22_      5.0400     0.0     0.0000     5.0400     0.0000 SNPS_CLOCK_GATE_HIGH_ariane_regfile_00000020_00000004_1_674949_22
issue_stage_i/i_issue_read_operands/gen_asic_regfile_i_ariane_regfile/clk_gate_mem_reg_23_      5.0400     0.0     0.0000     5.0400     0.0000 SNPS_CLOCK_GATE_HIGH_ariane_regfile_00000020_00000004_1_674949_23
issue_stage_i/i_issue_read_operands/gen_asic_regfile_i_ariane_regfile/clk_gate_mem_reg_24_      5.0400     0.0     0.0000     5.0400     0.0000 SNPS_CLOCK_GATE_HIGH_ariane_regfile_00000020_00000004_1_674949_24
issue_stage_i/i_issue_read_operands/gen_asic_regfile_i_ariane_regfile/clk_gate_mem_reg_25_      5.0400     0.0     0.0000     5.0400     0.0000 SNPS_CLOCK_GATE_HIGH_ariane_regfile_00000020_00000004_1_674949_25
issue_stage_i/i_issue_read_operands/gen_asic_regfile_i_ariane_regfile/clk_gate_mem_reg_26_      5.0400     0.0     0.0000     5.0400     0.0000 SNPS_CLOCK_GATE_HIGH_ariane_regfile_00000020_00000004_1_674949_26
issue_stage_i/i_issue_read_operands/gen_asic_regfile_i_ariane_regfile/clk_gate_mem_reg_27_      5.0400     0.0     0.0000     5.0400     0.0000 SNPS_CLOCK_GATE_HIGH_ariane_regfile_00000020_00000004_1_674949_27
issue_stage_i/i_issue_read_operands/gen_asic_regfile_i_ariane_regfile/clk_gate_mem_reg_28_      5.0400     0.0     0.0000     5.0400     0.0000 SNPS_CLOCK_GATE_HIGH_ariane_regfile_00000020_00000004_1_674949_28
issue_stage_i/i_issue_read_operands/gen_asic_regfile_i_ariane_regfile/clk_gate_mem_reg_29_      5.0400     0.0     0.0000     5.0400     0.0000 SNPS_CLOCK_GATE_HIGH_ariane_regfile_00000020_00000004_1_674949_29
issue_stage_i/i_issue_read_operands/gen_asic_regfile_i_ariane_regfile/clk_gate_mem_reg_2_      5.0400     0.0     0.0000     5.0400     0.0000 SNPS_CLOCK_GATE_HIGH_ariane_regfile_00000020_00000004_1_674949_2
issue_stage_i/i_issue_read_operands/gen_asic_regfile_i_ariane_regfile/clk_gate_mem_reg_30_      5.0400     0.0     0.0000     5.0400     0.0000 SNPS_CLOCK_GATE_HIGH_ariane_regfile_00000020_00000004_1_674949_30
issue_stage_i/i_issue_read_operands/gen_asic_regfile_i_ariane_regfile/clk_gate_mem_reg_31_      5.0400     0.0     0.0000     5.0400     0.0000 SNPS_CLOCK_GATE_HIGH_ariane_regfile_00000020_00000004_1_674949_0
issue_stage_i/i_issue_read_operands/gen_asic_regfile_i_ariane_regfile/clk_gate_mem_reg_3_      5.0400     0.0     0.0000     5.0400     0.0000 SNPS_CLOCK_GATE_HIGH_ariane_regfile_00000020_00000004_1_674949_3
issue_stage_i/i_issue_read_operands/gen_asic_regfile_i_ariane_regfile/clk_gate_mem_reg_4_      5.0400     0.0     0.0000     5.0400     0.0000 SNPS_CLOCK_GATE_HIGH_ariane_regfile_00000020_00000004_1_674949_4
issue_stage_i/i_issue_read_operands/gen_asic_regfile_i_ariane_regfile/clk_gate_mem_reg_5_      5.0400     0.0     0.0000     5.0400     0.0000 SNPS_CLOCK_GATE_HIGH_ariane_regfile_00000020_00000004_1_674949_5
issue_stage_i/i_issue_read_operands/gen_asic_regfile_i_ariane_regfile/clk_gate_mem_reg_6_      5.0400     0.0     0.0000     5.0400     0.0000 SNPS_CLOCK_GATE_HIGH_ariane_regfile_00000020_00000004_1_674949_6
issue_stage_i/i_issue_read_operands/gen_asic_regfile_i_ariane_regfile/clk_gate_mem_reg_7_      5.0400     0.0     0.0000     5.0400     0.0000 SNPS_CLOCK_GATE_HIGH_ariane_regfile_00000020_00000004_1_674949_7
issue_stage_i/i_issue_read_operands/gen_asic_regfile_i_ariane_regfile/clk_gate_mem_reg_8_      5.0400     0.0     0.0000     5.0400     0.0000 SNPS_CLOCK_GATE_HIGH_ariane_regfile_00000020_00000004_1_674949_8
issue_stage_i/i_issue_read_operands/gen_asic_regfile_i_ariane_regfile/clk_gate_mem_reg_9_      5.0400     0.0     0.0000     5.0400     0.0000 SNPS_CLOCK_GATE_HIGH_ariane_regfile_00000020_00000004_1_674949_9
issue_stage_i/i_issue_read_operands/gen_sel_clobbers_10__i_sel_gpr_clobbers     64.6800     0.0    64.6800     0.0000     0.0000 rr_arb_tree_00000009_1_1_380242_21
issue_stage_i/i_issue_read_operands/gen_sel_clobbers_11__i_sel_gpr_clobbers     65.2400     0.0    65.2400     0.0000     0.0000 rr_arb_tree_00000009_1_1_380242_20
issue_stage_i/i_issue_read_operands/gen_sel_clobbers_12__i_sel_gpr_clobbers     65.2400     0.0    65.2400     0.0000     0.0000 rr_arb_tree_00000009_1_1_380242_19
issue_stage_i/i_issue_read_operands/gen_sel_clobbers_13__i_sel_gpr_clobbers     65.2400     0.0    65.2400     0.0000     0.0000 rr_arb_tree_00000009_1_1_380242_18
issue_stage_i/i_issue_read_operands/gen_sel_clobbers_14__i_sel_gpr_clobbers     62.4400     0.0    62.4400     0.0000     0.0000 rr_arb_tree_00000009_1_1_380242_17
issue_stage_i/i_issue_read_operands/gen_sel_clobbers_15__i_sel_gpr_clobbers     62.4400     0.0    62.4400     0.0000     0.0000 rr_arb_tree_00000009_1_1_380242_16
issue_stage_i/i_issue_read_operands/gen_sel_clobbers_16__i_sel_gpr_clobbers     64.6800     0.0    64.6800     0.0000     0.0000 rr_arb_tree_00000009_1_1_380242_15
issue_stage_i/i_issue_read_operands/gen_sel_clobbers_17__i_sel_gpr_clobbers     64.9600     0.0    64.9600     0.0000     0.0000 rr_arb_tree_00000009_1_1_380242_14
issue_stage_i/i_issue_read_operands/gen_sel_clobbers_18__i_sel_gpr_clobbers     68.6000     0.0    68.6000     0.0000     0.0000 rr_arb_tree_00000009_1_1_380242_13
issue_stage_i/i_issue_read_operands/gen_sel_clobbers_19__i_sel_gpr_clobbers     67.2000     0.0    67.2000     0.0000     0.0000 rr_arb_tree_00000009_1_1_380242_12
issue_stage_i/i_issue_read_operands/gen_sel_clobbers_1__i_sel_gpr_clobbers     66.0800     0.0    66.0800     0.0000     0.0000 rr_arb_tree_00000009_1_1_380242_30
issue_stage_i/i_issue_read_operands/gen_sel_clobbers_20__i_sel_gpr_clobbers     64.9600     0.0    64.9600     0.0000     0.0000 rr_arb_tree_00000009_1_1_380242_11
issue_stage_i/i_issue_read_operands/gen_sel_clobbers_21__i_sel_gpr_clobbers     67.4800     0.0    67.4800     0.0000     0.0000 rr_arb_tree_00000009_1_1_380242_10
issue_stage_i/i_issue_read_operands/gen_sel_clobbers_22__i_sel_gpr_clobbers     62.4400     0.0    62.4400     0.0000     0.0000 rr_arb_tree_00000009_1_1_380242_9
issue_stage_i/i_issue_read_operands/gen_sel_clobbers_23__i_sel_gpr_clobbers     64.4000     0.0    64.4000     0.0000     0.0000 rr_arb_tree_00000009_1_1_380242_8
issue_stage_i/i_issue_read_operands/gen_sel_clobbers_24__i_sel_gpr_clobbers     67.4800     0.0    67.4800     0.0000     0.0000 rr_arb_tree_00000009_1_1_380242_7
issue_stage_i/i_issue_read_operands/gen_sel_clobbers_25__i_sel_gpr_clobbers     64.9600     0.0    64.9600     0.0000     0.0000 rr_arb_tree_00000009_1_1_380242_6
issue_stage_i/i_issue_read_operands/gen_sel_clobbers_26__i_sel_gpr_clobbers     67.7600     0.0    67.7600     0.0000     0.0000 rr_arb_tree_00000009_1_1_380242_5
issue_stage_i/i_issue_read_operands/gen_sel_clobbers_27__i_sel_gpr_clobbers     67.7600     0.0    67.7600     0.0000     0.0000 rr_arb_tree_00000009_1_1_380242_4
issue_stage_i/i_issue_read_operands/gen_sel_clobbers_28__i_sel_gpr_clobbers     68.6000     0.0    68.6000     0.0000     0.0000 rr_arb_tree_00000009_1_1_380242_3
issue_stage_i/i_issue_read_operands/gen_sel_clobbers_29__i_sel_gpr_clobbers     68.6000     0.0    68.6000     0.0000     0.0000 rr_arb_tree_00000009_1_1_380242_2
issue_stage_i/i_issue_read_operands/gen_sel_clobbers_2__i_sel_gpr_clobbers     68.3200     0.0    68.3200     0.0000     0.0000 rr_arb_tree_00000009_1_1_380242_29
issue_stage_i/i_issue_read_operands/gen_sel_clobbers_30__i_sel_gpr_clobbers     61.3200     0.0    61.3200     0.0000     0.0000 rr_arb_tree_00000009_1_1_380242_1
issue_stage_i/i_issue_read_operands/gen_sel_clobbers_31__i_sel_gpr_clobbers     63.5600     0.0    63.5600     0.0000     0.0000 rr_arb_tree_00000009_1_1_380242_0
issue_stage_i/i_issue_read_operands/gen_sel_clobbers_3__i_sel_gpr_clobbers     67.7600     0.0    67.7600     0.0000     0.0000 rr_arb_tree_00000009_1_1_380242_28
issue_stage_i/i_issue_read_operands/gen_sel_clobbers_4__i_sel_gpr_clobbers     67.2000     0.0    67.2000     0.0000     0.0000 rr_arb_tree_00000009_1_1_380242_27
issue_stage_i/i_issue_read_operands/gen_sel_clobbers_5__i_sel_gpr_clobbers     67.7600     0.0    67.7600     0.0000     0.0000 rr_arb_tree_00000009_1_1_380242_26
issue_stage_i/i_issue_read_operands/gen_sel_clobbers_6__i_sel_gpr_clobbers     62.7200     0.0    62.7200     0.0000     0.0000 rr_arb_tree_00000009_1_1_380242_25
issue_stage_i/i_issue_read_operands/gen_sel_clobbers_7__i_sel_gpr_clobbers     66.3600     0.0    66.3600     0.0000     0.0000 rr_arb_tree_00000009_1_1_380242_24
issue_stage_i/i_issue_read_operands/gen_sel_clobbers_8__i_sel_gpr_clobbers     64.4000     0.0    64.4000     0.0000     0.0000 rr_arb_tree_00000009_1_1_380242_23
issue_stage_i/i_issue_read_operands/gen_sel_clobbers_9__i_sel_gpr_clobbers     64.6800     0.0    64.6800     0.0000     0.0000 rr_arb_tree_00000009_1_1_380242_22
issue_stage_i/i_issue_read_operands/genblk5_0__i_sel_rs1    689.6400     0.3   689.6400     0.0000     0.0000 rr_arb_tree_0000000d_00000020_1_1_5
issue_stage_i/i_issue_read_operands/genblk5_0__i_sel_rs2    689.6400     0.3   689.6400     0.0000     0.0000 rr_arb_tree_0000000d_00000020_1_1_4
issue_stage_i/i_issue_read_operands/genblk5_1__i_sel_rs1    708.4000     0.4   708.4000     0.0000     0.0000 rr_arb_tree_0000000d_00000020_1_1_2
issue_stage_i/i_issue_read_operands/genblk5_1__i_sel_rs2    707.8400     0.4   707.8400     0.0000     0.0000 rr_arb_tree_0000000d_00000020_1_1_1
issue_stage_i/i_issue_read_operands/i_cvxif_issue_register_commit_if_driver    287.5600     0.1   287.5600     0.0000     0.0000 cvxif_issue_register_commit_if_driver__583242
issue_stage_i/i_scoreboard         15231.7201      7.6   9759.1200   5331.4800      0.0000  scoreboard__256242
issue_stage_i/i_scoreboard/clk_gate_mem_q_reg_0__is_rd_fpr_flag_      5.0400     0.0     0.0000     5.0400     0.0000 SNPS_CLOCK_GATE_HIGH_scoreboard__256242_1
issue_stage_i/i_scoreboard/clk_gate_mem_q_reg_0__sbe__ex__cause_      5.0400     0.0     0.0000     5.0400     0.0000 SNPS_CLOCK_GATE_HIGH_scoreboard__256242_7_25
issue_stage_i/i_scoreboard/clk_gate_mem_q_reg_0__sbe__result_      5.0400     0.0     0.0000     5.0400     0.0000 SNPS_CLOCK_GATE_HIGH_scoreboard__256242_15
issue_stage_i/i_scoreboard/clk_gate_mem_q_reg_1__is_rd_fpr_flag_      5.0400     0.0     0.0000     5.0400     0.0000 SNPS_CLOCK_GATE_HIGH_scoreboard__256242_2
issue_stage_i/i_scoreboard/clk_gate_mem_q_reg_1__sbe__ex__cause_      5.0400     0.0     0.0000     5.0400     0.0000 SNPS_CLOCK_GATE_HIGH_scoreboard__256242_6_24
issue_stage_i/i_scoreboard/clk_gate_mem_q_reg_1__sbe__rd_      5.0400     0.0     0.0000     5.0400     0.0000 SNPS_CLOCK_GATE_HIGH_scoreboard__256242_17
issue_stage_i/i_scoreboard/clk_gate_mem_q_reg_1__sbe__result_      5.0400     0.0     0.0000     5.0400     0.0000 SNPS_CLOCK_GATE_HIGH_scoreboard__256242_14
issue_stage_i/i_scoreboard/clk_gate_mem_q_reg_2__is_rd_fpr_flag_      5.0400     0.0     0.0000     5.0400     0.0000 SNPS_CLOCK_GATE_HIGH_scoreboard__256242_3
issue_stage_i/i_scoreboard/clk_gate_mem_q_reg_2__sbe__ex__cause_      5.0400     0.0     0.0000     5.0400     0.0000 SNPS_CLOCK_GATE_HIGH_scoreboard__256242_5_23
issue_stage_i/i_scoreboard/clk_gate_mem_q_reg_2__sbe__result_      5.0400     0.0     0.0000     5.0400     0.0000 SNPS_CLOCK_GATE_HIGH_scoreboard__256242_13
issue_stage_i/i_scoreboard/clk_gate_mem_q_reg_3__is_rd_fpr_flag_      5.0400     0.0     0.0000     5.0400     0.0000 SNPS_CLOCK_GATE_HIGH_scoreboard__256242_4
issue_stage_i/i_scoreboard/clk_gate_mem_q_reg_3__sbe__ex__cause_      5.0400     0.0     0.0000     5.0400     0.0000 SNPS_CLOCK_GATE_HIGH_scoreboard__256242_4_22
issue_stage_i/i_scoreboard/clk_gate_mem_q_reg_3__sbe__result_      5.0400     0.0     0.0000     5.0400     0.0000 SNPS_CLOCK_GATE_HIGH_scoreboard__256242_12
issue_stage_i/i_scoreboard/clk_gate_mem_q_reg_4__is_rd_fpr_flag_      5.0400     0.0     0.0000     5.0400     0.0000 SNPS_CLOCK_GATE_HIGH_scoreboard__256242_5
issue_stage_i/i_scoreboard/clk_gate_mem_q_reg_4__sbe__ex__cause_      5.0400     0.0     0.0000     5.0400     0.0000 SNPS_CLOCK_GATE_HIGH_scoreboard__256242_3_21
issue_stage_i/i_scoreboard/clk_gate_mem_q_reg_4__sbe__result_      5.0400     0.0     0.0000     5.0400     0.0000 SNPS_CLOCK_GATE_HIGH_scoreboard__256242_11
issue_stage_i/i_scoreboard/clk_gate_mem_q_reg_5__is_rd_fpr_flag_      5.0400     0.0     0.0000     5.0400     0.0000 SNPS_CLOCK_GATE_HIGH_scoreboard__256242_6
issue_stage_i/i_scoreboard/clk_gate_mem_q_reg_5__sbe__ex__cause_      5.0400     0.0     0.0000     5.0400     0.0000 SNPS_CLOCK_GATE_HIGH_scoreboard__256242_2_20
issue_stage_i/i_scoreboard/clk_gate_mem_q_reg_5__sbe__rd_      5.0400     0.0     0.0000     5.0400     0.0000 SNPS_CLOCK_GATE_HIGH_scoreboard__256242_16
issue_stage_i/i_scoreboard/clk_gate_mem_q_reg_5__sbe__result_      5.0400     0.0     0.0000     5.0400     0.0000 SNPS_CLOCK_GATE_HIGH_scoreboard__256242_10
issue_stage_i/i_scoreboard/clk_gate_mem_q_reg_6__is_rd_fpr_flag_      5.0400     0.0     0.0000     5.0400     0.0000 SNPS_CLOCK_GATE_HIGH_scoreboard__256242_7
issue_stage_i/i_scoreboard/clk_gate_mem_q_reg_6__sbe__ex__cause_      5.0400     0.0     0.0000     5.0400     0.0000 SNPS_CLOCK_GATE_HIGH_scoreboard__256242_1_19
issue_stage_i/i_scoreboard/clk_gate_mem_q_reg_6__sbe__result_      5.0400     0.0     0.0000     5.0400     0.0000 SNPS_CLOCK_GATE_HIGH_scoreboard__256242_9
issue_stage_i/i_scoreboard/clk_gate_mem_q_reg_7__is_rd_fpr_flag_      5.0400     0.0     0.0000     5.0400     0.0000 SNPS_CLOCK_GATE_HIGH_scoreboard__256242_0
issue_stage_i/i_scoreboard/clk_gate_mem_q_reg_7__issued_      5.0400     0.0     0.0000     5.0400     0.0000 SNPS_CLOCK_GATE_HIGH_scoreboard__256242_18
issue_stage_i/i_scoreboard/clk_gate_mem_q_reg_7__sbe__ex__cause_      5.0400     0.0     0.0000     5.0400     0.0000 SNPS_CLOCK_GATE_HIGH_scoreboard__256242_0_18
issue_stage_i/i_scoreboard/clk_gate_mem_q_reg_7__sbe__ex__valid_      5.0400     0.0     0.0000     5.0400     0.0000 SNPS_CLOCK_GATE_HIGH_scoreboard__256242_19
issue_stage_i/i_scoreboard/clk_gate_mem_q_reg_7__sbe__result_      5.0400     0.0     0.0000     5.0400     0.0000 SNPS_CLOCK_GATE_HIGH_scoreboard__256242_8
--------------------------------  -----------  -------  ----------  ----------  ----------  ----------------------------------------------------------------------------------
Total                                                   94183.5999  48549.7602  57086.4697

1
