Information: Propagating switching activity (low effort zero delay simulation). (PWR-6)
Warning: Design has unannotated primary inputs. (PWR-414)
Warning: Design has unannotated sequential cell outputs. (PWR-415)
Warning: Design has unannotated black box outputs. (PWR-428)
 
****************************************
Report : power
        -analysis_effort low
Design : cva6
Scenario(s): mode_norm_ws0_wc_125
Version: S-2021.06-SP4
Date   : Thu Nov 14 12:00:35 2024
****************************************


Library(s) Used:

    u055lscee12bdh_108c125_wc (File: /techno/PDK/UMC/UMC55/common/stdcells/G-9LT-EFLASH_EE2PROM55N-LP_SPLIT_GATE_UM055LSCEE12BDH-LIBRARY_TAPE_OUT_KIT-Ver.B02_PB/synopsys/u055lscee12bdh_108c125_wc.db)
    SYHVTFA55_64X64X1CM2_ss1p08v125c (File: /shares/common/tools/RAMs/SYHVTFA55_64X64X1CM2/SYHVTFA55_64X64X1CM2_ss1p08v125c.db)
    SYHVTFA55_64X25X1CM2_ss1p08v125c (File: /shares/common/tools/RAMs/SYHVTFA55_64X25X1CM2/SYHVTFA55_64X25X1CM2_ss1p08v125c.db)


Global Operating Voltage = 1.08 
Power-specific unit information :
    Voltage Units = 1V
    Capacitance Units = 1.000000pf
    Time Units = 1ns
    Dynamic Power Units = 1mW    (derived from V,C,T units)
    Leakage Power Units = 1pW

Information: Correlated power is not available. (PWR-761)
Power Breakdown
---------------

                             Cell        Driven Net  Tot Dynamic      Cell
                             Internal    Switching   Power (mW)       Leakage
Cell                         Power (mW)  Power (mW)  (% Cell/Tot)     Power (pW)
--------------------------------------------------------------------------------
Netlist Power                   1.0924      0.1095   1.202e+00 (91%)  1.309e+07
Estimated Clock Tree Power   N/A         N/A          (N/A)           N/A
--------------------------------------------------------------------------------

                 Internal         Switching           Leakage            Total
Power Group      Power            Power               Power              Power   (   %    )  Attrs
--------------------------------------------------------------------------------------------------
io_pad             0.0000            0.0000            0.0000            0.0000  (   0.00%)
memory             0.4599        4.0725e-03        7.7069e+06            0.4717  (  38.82%)
black_box          0.0000        5.5322e-03            0.0000        5.5322e-03  (   0.46%)
clock_network  8.2354e-02        7.8019e-03        6.1540e+05        9.0771e-02  (   7.47%)
register           0.5327        3.0385e-03        1.6427e+06            0.5373  (  44.23%)
sequential         0.0000            0.0000            0.0000            0.0000  (   0.00%)
combinational  1.7438e-02        8.9048e-02        3.1224e+06            0.1096  (   9.02%)
--------------------------------------------------------------------------------------------------
Total              1.0923 mW         0.1095 mW     1.3087e+07 pW         1.2149 mW
1
