 
****************************************
Report : scenarios
Design : cva6
Scenario(s): mode_norm_ws0_wc_125
Version: S-2021.06-SP4
Date   : Thu Nov 14 11:47:35 2024
****************************************

All scenarios (Total=1): mode_norm_ws0_wc_125
All Active scenarios (Total=1): mode_norm_ws0_wc_125
Current scenario     : mode_norm_ws0_wc_125

Scenario #0: mode_norm_ws0_wc_125 is active.
Scenario options: Setup Leakage_power
Cts_corner: none
Has timing derate: No

Library(s) Used:
 gtech (File: /sw/synopsys/syn/S-2021.06-SP4/libraries/syn/gtech.db)
 SYHVTFA55_64X64X1CM2_ss1p08v125c (File: /shares/common/tools/RAMs/SYHVTFA55_64X64X1CM2/SYHVTFA55_64X64X1CM2_ss1p08v125c.db)
 SYHVTFA55_64X25X1CM2_ss1p08v125c (File: /shares/common/tools/RAMs/SYHVTFA55_64X25X1CM2/SYHVTFA55_64X25X1CM2_ss1p08v125c.db)

Operating condition(s) Used:
  Analysis Type    : bc_wc
  Max Operating Condition: u055lscee12bdh_108c125_wc:u055lscee12bdh_108c125_wc
  Max Process    : 1.00
  Max Voltage    : 1.08
  Max Temperature: 125.00
  Min Operating Condition: u055lscee12bdh_108c125_wc:u055lscee12bdh_108c125_wc
  Min Process    : 1.00
  Min Voltage    : 1.08
  Min Temperature: 125.00

TLU+ Files Used:
  Max TLU+ file: /techno/PDK/UMC/UMC55/common/PandR/M5option/tlu/u055lscee12bdh_CMAX.TLUPlus
  Min TLU+ file: /techno/PDK/UMC/UMC55/common/PandR/M5option/tlu/u055lscee12bdh_CMIN.TLUPlus
  Tech2ITF mapping file: /techno/PDK/UMC/UMC55/common/PandR/M5option/tlu/UMC55_5m0t1f_TLUplus.map

1
