Current scenario is: mode_norm_ws0_wc_125
Done generating .... report_qor
Information: Timer is not in zero interconnect delay mode. (TIM-176)
Done generating .... report_timing
Done generating .... report_constraints
Done generating all report files.
Main process mem-peak:   1471 Mb
Multicore mem-peak:   3077 Mb
Multicore + icc2_link mem-peak:   3077 Mb
***********************************************
Report          : create_qor_snapshot (cva6_cv32a65x_u055lscee12bdh_108c125_wc.qor_snapshot.rpt)
Design          : cva6
Version         : S-2021.06-SP4
Date            : Thu Nov 14 12:00:08 2024
Time unit       : 1.0e-09 Second(ns)
Capacitance unit: 1.0e-12 Farad(pF)
Voltage unit    : 1 Volt
Power unit      : N/A
Location        : /gitlab-runner/runner_riscv-thales/builds/WYMWFBAh5/0/riscv/cva6/pd/synth/cva6_cv32a65x/15/reports/cva6_cv32a65x_u055lscee12bdh_108c125_wc.qor_snapshot
***********************************************
No. of scenario = 1
s1 = mode_norm_ws0_wc_125
--------------------------------------------------
WNS of each timing group:                       s1 
--------------------------------------------------
--------------------------------------------------
Setup WNS:                                   0.000 
Setup TNS:                                     0.0
Number of setup violations:                      0  
Hold WNS:                                   -0.476  
Hold TNS:                                 -307.203  
Number of hold violations:                    1769  
Number of max trans violations:                 66  
Number of max cap violations:                  784  
Number of min pulse width violations:            0  
--------------------------------------------------
Area:                                       199820
Cell count:                                  62087
Buf/inv cell count:                          13626
CPU/ELAPSE(hr):                          0.55/0.22
Mem(Mb):                                      1471
Host name:                               runnerr8-tss.gemalto.com
--------------------------------------------------
Histogram:             s1 
--------------------------------------------------
Max violations:         0 
   above ~ -0.7  ---    0 
    -0.6 ~ -0.7  ---    0 
    -0.5 ~ -0.6  ---    0 
    -0.4 ~ -0.5  ---    0 
    -0.3 ~ -0.4  ---    0 
    -0.2 ~ -0.3  ---    0 
    -0.1 ~ -0.2  ---    0 
       0 ~ -0.1  ---    0 
--------------------------------------------------
Min violations:      1769 
  -0.06 ~ above  --- 1475 
  -0.05 ~ -0.06  ---   51 
  -0.04 ~ -0.05  ---   54 
  -0.03 ~ -0.04  ---   41 
  -0.02 ~ -0.03  ---   47 
  -0.01 ~ -0.02  ---   39 
      0 ~ -0.01  ---   62 
--------------------------------------------------
Current scenario is: mode_norm_ws0_wc_125
Snapshot (cva6_cv32a65x_u055lscee12bdh_108c125_wc.qor_snapshot.rpt) is created and stored under "/gitlab-runner/runner_riscv-thales/builds/WYMWFBAh5/0/riscv/cva6/pd/synth/cva6_cv32a65x/15/reports/cva6_cv32a65x_u055lscee12bdh_108c125_wc.qor_snapshot" directory
1
