 
****************************************
Report : timing
        -path full_clock
        -delay max
        -physical
        -derate
        -input_pins
        -nets
        -max_paths 1
        -transition_time
        -crosstalk_delta
        -capacitance
Design : cva6
Scenario(s): mode_norm_ws0_wc_125
Version: S-2021.06-SP4
Date   : Thu Nov 14 12:00:07 2024
****************************************

 * Some/all delay information is back-annotated.

 # A fanout number of 1000 was used for high fanout net computations.
Wire Load Model Mode: Inactive.

  Startpoint: i_frontend/i_instr_queue/gen_instr_fifo_2__i_fifo_instr_data/read_pointer_q_reg_1_
              (rising edge-triggered flip-flop clocked by fast_vfo_clk)
  Endpoint: id_stage_i/issue_q_reg_1__sbe__result__12_
            (rising edge-triggered flip-flop clocked by fast_vfo_clk)
  Scenario: mode_norm_ws0_wc_125
  Path Group: fast_vfo_clk
  Path Type: max

Attributes:
    d - dont_touch
    u - dont_use
   mo - map_only
   so - size_only
    i - ideal_net or ideal_network
  inf - infeasible path

  Point                                       Fanout       Cap     DTran     Trans     Delta     Derate      Incr       Path      Location / Load        Attributes     Voltage
  ------------------------------------------------------------------------------------------------------------------------------------------------------------------------------
  clock fast_vfo_clk (rise edge)                                                                            0.000      0.000                                            
  clock network delay (ideal)                                                                               0.000      0.000                                            
  i_frontend/i_instr_queue/gen_instr_fifo_2__i_fifo_instr_data/read_pointer_q_reg_1_/CK (DFQRM8UM)
                                                                   0.000     0.000     0.000                0.000 #    0.000 r    (153.98,396.89)        so i           1.08
  i_frontend/i_instr_queue/gen_instr_fifo_2__i_fifo_instr_data/read_pointer_q_reg_1_/Q (DFQRM8UM)
                                                                             0.155                          0.520      0.520 r    (159.01,396.86)        so             1.08
  i_frontend/i_instr_queue/gen_instr_fifo_2__i_fifo_instr_data/read_pointer_q[1] (net)
                                                4        0.017                                              0.000      0.520 r    [0.01,0.02]                           
  i_frontend/i_instr_queue/gen_instr_fifo_2__i_fifo_instr_data/u3/A (INVM2UM)
                                                                   0.000     0.155     0.000                0.000 *    0.520 r    (127.86,399.70)                       1.08
  i_frontend/i_instr_queue/gen_instr_fifo_2__i_fifo_instr_data/u3/Z (INVM2UM)
                                                                             0.119                          0.138      0.658 f    (128.13,399.68)                       1.08
  i_frontend/i_instr_queue/gen_instr_fifo_2__i_fifo_instr_data/n334 (net)
                                                2        0.005                                              0.000      0.658 f    [0.00,0.00]                           
  i_frontend/i_instr_queue/gen_instr_fifo_2__i_fifo_instr_data/u8/B (NR2M4UM)
                                                                   0.000     0.119     0.000                0.000 *    0.658 f    (130.63,402.46)                       1.08
  i_frontend/i_instr_queue/gen_instr_fifo_2__i_fifo_instr_data/u8/Z (NR2M4UM)
                                                                             0.718                          0.466      1.124 r    (130.67,402.34)                       1.08
  i_frontend/i_instr_queue/gen_instr_fifo_2__i_fifo_instr_data/n375 (net)
                                               10        0.023                                              0.000      1.124 r    [0.01,0.02]                           
  i_frontend/i_instr_queue/gen_instr_fifo_2__i_fifo_instr_data/u28/A (BUFM4UM)
                                                                   0.000     0.718     0.000                0.000 *    1.124 r    (129.27,401.07)                       1.08
  i_frontend/i_instr_queue/gen_instr_fifo_2__i_fifo_instr_data/u28/Z (BUFM4UM)
                                                                             0.860                          0.822      1.947 r    (129.79,401.07)                       1.08
  i_frontend/i_instr_queue/gen_instr_fifo_2__i_fifo_instr_data/n570 (net)
                                               26        0.065                                              0.000      1.947 r    [0.04,0.06]                           
  i_frontend/i_instr_queue/gen_instr_fifo_2__i_fifo_instr_data/u157/A1 (AOI22M2UM)
                                                                   0.000     0.860     0.000                0.001 *    1.948 r    (92.27,396.80)                        1.08
  i_frontend/i_instr_queue/gen_instr_fifo_2__i_fifo_instr_data/u157/Z (AOI22M2UM)
                                                                             0.303                          0.443      2.390 f    (91.98,396.88)                        1.08
  i_frontend/i_instr_queue/gen_instr_fifo_2__i_fifo_instr_data/n424 (net)
                                                1        0.002                                              0.000      2.390 f    [0.00,0.00]                           
  i_frontend/i_instr_queue/gen_instr_fifo_2__i_fifo_instr_data/u158/B (ND2M2UM)
                                                                   0.000     0.303     0.000                0.000 *    2.390 f    (95.43,398.30)                        1.08
  i_frontend/i_instr_queue/gen_instr_fifo_2__i_fifo_instr_data/u158/Z (ND2M2UM)
                                                                             0.257                          0.287      2.677 r    (95.80,398.33)                        1.08
  i_frontend/i_instr_queue/gen_instr_fifo_2__i_fifo_instr_data/data_o[114] (net)
                                                2        0.008                                              0.000      2.677 r    [0.01,0.01]                           
  i_frontend/i_instr_queue/gen_instr_fifo_2__i_fifo_instr_data/data_o[114] (cva6_fifo_v3_00000004_0_186242_1)
                                                                                                            0.000      2.677 r    (netlink)                             
  i_frontend/i_instr_queue/instr_data_out[83] (net)      0.008                                              0.000      2.677 r    [0.01,0.01]                           
  i_frontend/i_instr_queue/u817/A2 (AOI22M2UM)                     0.000     0.257     0.000                0.000 *    2.678 r    (115.71,405.26)                       1.08
  i_frontend/i_instr_queue/u817/Z (AOI22M2UM)                                0.354                          0.277      2.955 f    (115.11,405.27)                       1.08
  i_frontend/i_instr_queue/n1265 (net)          1        0.003                                              0.000      2.955 f    [0.00,0.00]                           
  i_frontend/i_instr_queue/u818/B (ND2M4UM)                        0.000     0.354     0.000                0.000 *    2.955 f    (118.36,402.40)                       1.08
  i_frontend/i_instr_queue/u818/Z (ND2M4UM)                                  0.395                          0.390      3.345 r    (118.61,402.60)                       1.08
  i_frontend/i_instr_queue/fetch_entry_o[177] (net)
                                               11        0.027                                              0.000      3.345 r    [0.02,0.03]                           
  i_frontend/i_instr_queue/fetch_entry_o[177] (instr_queue__726242)                                         0.000      3.345 r    (netlink)                             
  i_frontend/fetch_entry_o[177] (net)                    0.027                                              0.000      3.345 r    [0.02,0.03]                           
  i_frontend/fetch_entry_o[177] (frontend__594242)                                                          0.000      3.345 r    (netlink)                             
  fetch_entry_if_id[47] (net)                            0.027                                              0.000      3.345 r    [0.02,0.03]                           
  id_stage_i/fetch_entry_i[177] (id_stage__831242)                                                          0.000      3.345 r    (netlink)                             
  id_stage_i/fetch_entry_i[177] (net)                    0.027                                              0.000      3.345 r    [0.02,0.03]                           
  id_stage_i/genblk1_genblk1_0__compressed_decoder_i/instr_i[10] (compressed_decoder__674949_1)             0.000      3.345 r    (netlink)                             
  id_stage_i/genblk1_genblk1_0__compressed_decoder_i/instr_i[10] (net)
                                                         0.027                                              0.000      3.345 r    [0.02,0.03]                           
  id_stage_i/genblk1_genblk1_0__compressed_decoder_i/u15/A (INVM2UM)
                                                                   0.000     0.395     0.000                0.000 *    3.345 r    (123.55,392.70)                       1.08
  id_stage_i/genblk1_genblk1_0__compressed_decoder_i/u15/Z (INVM2UM)         0.226                          0.298      3.643 f    (123.82,392.68)                       1.08
  id_stage_i/genblk1_genblk1_0__compressed_decoder_i/n228 (net)
                                                4        0.009                                              0.000      3.643 f    [0.01,0.01]                           
  id_stage_i/genblk1_genblk1_0__compressed_decoder_i/u16/B (ND4M2UM)
                                                                   0.000     0.226     0.000                0.000 *    3.643 f    (121.86,384.10)                       1.08
  id_stage_i/genblk1_genblk1_0__compressed_decoder_i/u16/Z (ND4M2UM)         0.351                          0.292      3.935 r    (122.01,384.43)                       1.08
  id_stage_i/genblk1_genblk1_0__compressed_decoder_i/n76 (net)
                                                3        0.006                                              0.000      3.935 r    [0.00,0.01]                           
  id_stage_i/genblk1_genblk1_0__compressed_decoder_i/u17/B (NR2M4UM)
                                                                   0.000     0.351     0.000                0.000 *    3.935 r    (122.78,391.26)                       1.08
  id_stage_i/genblk1_genblk1_0__compressed_decoder_i/u17/Z (NR2M4UM)         0.200                          0.222      4.157 f    (122.82,391.14)                       1.08
  id_stage_i/genblk1_genblk1_0__compressed_decoder_i/n102 (net)
                                                4        0.010                                              0.000      4.157 f    [0.01,0.01]                           
  id_stage_i/genblk1_genblk1_0__compressed_decoder_i/u34/A1 (AOI31M2UM)
                                                                   0.000     0.200     0.000                0.000 *    4.157 f    (140.22,394.13)                       1.08
  id_stage_i/genblk1_genblk1_0__compressed_decoder_i/u34/Z (AOI31M2UM)       0.187                          0.223      4.380 r    (140.61,394.03)                       1.08
  id_stage_i/genblk1_genblk1_0__compressed_decoder_i/n5 (net)
                                                1        0.002                                              0.000      4.380 r    [0.00,0.00]                           
  id_stage_i/genblk1_genblk1_0__compressed_decoder_i/u35/B (ND2M2UM)
                                                                   0.000     0.187     0.000                0.000 *    4.380 r    (142.61,395.50)                       1.08
  id_stage_i/genblk1_genblk1_0__compressed_decoder_i/u35/Z (ND2M2UM)         0.209                          0.216      4.596 f    (142.98,395.53)                       1.08
  id_stage_i/genblk1_genblk1_0__compressed_decoder_i/n11 (net)
                                                1        0.004                                              0.000      4.596 f    [0.00,0.00]                           
  id_stage_i/genblk1_genblk1_0__compressed_decoder_i/u54/A (NR2M6UM)
                                                                   0.000     0.209     0.000                0.000 *    4.596 f    (146.90,398.26)                       1.08
  id_stage_i/genblk1_genblk1_0__compressed_decoder_i/u54/Z (NR2M6UM)         0.330                          0.306      4.901 r    (146.24,398.16)                       1.08
  id_stage_i/genblk1_genblk1_0__compressed_decoder_i/n18 (net)
                                                5        0.014                                              0.000      4.901 r    [0.00,0.01]                           
  id_stage_i/genblk1_genblk1_0__compressed_decoder_i/u82/A (ND2M2UM)
                                                                   0.000     0.330     0.000                0.000 *    4.901 r    (146.18,389.80)                       1.08
  id_stage_i/genblk1_genblk1_0__compressed_decoder_i/u82/Z (ND2M2UM)         0.643                          0.511      5.413 f    (146.24,389.93)                       1.08
  id_stage_i/genblk1_genblk1_0__compressed_decoder_i/n96 (net)
                                                6        0.015                                              0.000      5.413 f    [0.01,0.01]                           
  id_stage_i/genblk1_genblk1_0__compressed_decoder_i/u83/B (NR2M2UM)
                                                                   0.000     0.643     0.000                0.000 *    5.413 f    (140.43,387.19)                       1.08
  id_stage_i/genblk1_genblk1_0__compressed_decoder_i/u83/Z (NR2M2UM)         0.363                          0.430      5.843 r    (140.50,387.09)                       1.08
  id_stage_i/genblk1_genblk1_0__compressed_decoder_i/n129 (net)
                                                3        0.004                                              0.000      5.843 r    [0.00,0.00]                           
  id_stage_i/genblk1_genblk1_0__compressed_decoder_i/u164/B (AOI21M2UM)
                                                                   0.000     0.363     0.000                0.000 *    5.843 r    (138.57,384.27)                       1.08
  id_stage_i/genblk1_genblk1_0__compressed_decoder_i/u164/Z (AOI21M2UM)      0.381                          0.299      6.142 f    (138.68,384.21)                       1.08
  id_stage_i/genblk1_genblk1_0__compressed_decoder_i/n184 (net)
                                                3        0.006                                              0.000      6.142 f    [0.00,0.01]                           
  id_stage_i/genblk1_genblk1_0__compressed_decoder_i/u240/A1 (OAI22M2UM)
                                                                   0.000     0.381     0.000                0.000 *    6.142 f    (135.23,387.08)                       1.08
  id_stage_i/genblk1_genblk1_0__compressed_decoder_i/u240/Z (OAI22M2UM)      0.206                          0.271      6.413 r    (135.51,387.15)                       1.08
  id_stage_i/genblk1_genblk1_0__compressed_decoder_i/n185 (net)
                                                1        0.001                                              0.000      6.413 r    [0.00,0.00]                           
  id_stage_i/genblk1_genblk1_0__compressed_decoder_i/u241/C (AOI211M2UM)
                                                                   0.000     0.206     0.000                0.000 *    6.413 r    (136.12,388.75)                       1.08
  id_stage_i/genblk1_genblk1_0__compressed_decoder_i/u241/Z (AOI211M2UM)     0.314                          0.200      6.613 f    (136.17,388.32)                       1.08
  id_stage_i/genblk1_genblk1_0__compressed_decoder_i/n188 (net)
                                                1        0.004                                              0.000      6.613 f    [0.00,0.00]                           
  id_stage_i/genblk1_genblk1_0__compressed_decoder_i/u242/A (ND2M2UM)
                                                                   0.000     0.314     0.000                0.000 *    6.613 f    (147.60,387.01)                       1.08
  id_stage_i/genblk1_genblk1_0__compressed_decoder_i/u242/Z (ND2M2UM)        0.166                          0.203      6.816 r    (147.67,387.13)                       1.08
  id_stage_i/genblk1_genblk1_0__compressed_decoder_i/instr_o[27] (net)
                                                1        0.003                                              0.000      6.816 r    [0.00,0.00]                           
  id_stage_i/genblk1_genblk1_0__compressed_decoder_i/instr_o[27] (compressed_decoder__674949_1)             0.000      6.816 r    (netlink)                             
  id_stage_i/compressed_instr[27] (net)                  0.003                                              0.000      6.816 r    [0.00,0.00]                           
  id_stage_i/genblk1_genblk2_i_cvxif_compressed_if_driver_i/instruction_i[27] (cvxif_compressed_if_driver__815242)
                                                                                                            0.000      6.816 r    (netlink)                             
  id_stage_i/genblk1_genblk2_i_cvxif_compressed_if_driver_i/instruction_i[27] (net)
                                                         0.003                                              0.000      6.816 r    [0.00,0.00]                           
  id_stage_i/genblk1_genblk2_i_cvxif_compressed_if_driver_i/u111/B2 (MAOI22M4UM)
                                                                   0.000     0.166     0.000                0.000 *    6.816 r    (157.20,387.21)                       1.08
  id_stage_i/genblk1_genblk2_i_cvxif_compressed_if_driver_i/u111/Z (MAOI22M4UM)
                                                                             0.211                          0.341      7.157 r    (157.74,387.08)                       1.08
  id_stage_i/genblk1_genblk2_i_cvxif_compressed_if_driver_i/instruction_o[27] (net)
                                                6        0.014                                              0.000      7.157 r    [0.01,0.01]                           
  id_stage_i/genblk1_genblk2_i_cvxif_compressed_if_driver_i/instruction_o[27] (cvxif_compressed_if_driver__815242)
                                                                                                            0.000      7.157 r    (netlink)                             
  id_stage_i/instruction[27] (net)                       0.014                                              0.000      7.157 r    [0.01,0.01]                           
  id_stage_i/genblk2_0__decoder_i/instruction_i[27] (decoder__569949_1)                                     0.000      7.157 r    (netlink)                             
  id_stage_i/genblk2_0__decoder_i/instruction_i[27] (net)
                                                         0.014                                              0.000      7.157 r    [0.01,0.01]                           
  id_stage_i/genblk2_0__decoder_i/u43/A (INVM2UM)                  0.000     0.211     0.000                0.000 *    7.157 r    (181.56,388.50)                       1.08
  id_stage_i/genblk2_0__decoder_i/u43/Z (INVM2UM)                            0.380                          0.314      7.471 f    (181.83,388.48)                       1.08
  id_stage_i/genblk2_0__decoder_i/n565 (net)
                                                5        0.018                                              0.000      7.471 f    [0.01,0.02]                           
  id_stage_i/genblk2_0__decoder_i/u89/A (NR2M2UM)                  0.000     0.380     0.000                0.000 *    7.471 f    (180.74,385.70)                       1.08
  id_stage_i/genblk2_0__decoder_i/u89/Z (NR2M2UM)                            0.410                          0.416      7.887 r    (181.12,385.69)                       1.08
  id_stage_i/genblk2_0__decoder_i/n347 (net)
                                                3        0.006                                              0.000      7.887 r    [0.00,0.01]                           
  id_stage_i/genblk2_0__decoder_i/u125/A (ND2M2UM)                 0.000     0.410     0.000                0.000 *    7.887 r    (182.20,384.20)                       1.08
  id_stage_i/genblk2_0__decoder_i/u125/Z (ND2M2UM)                           0.243                          0.294      8.182 f    (182.27,384.33)                       1.08
  id_stage_i/genblk2_0__decoder_i/n408 (net)
                                                3        0.004                                              0.000      8.182 f    [0.00,0.00]                           
  id_stage_i/genblk2_0__decoder_i/u126/A (INVM2UM)                 0.000     0.243     0.000                0.000 *    8.182 f    (181.56,384.30)                       1.08
  id_stage_i/genblk2_0__decoder_i/u126/Z (INVM2UM)                           0.193                          0.221      8.403 r    (181.83,384.28)                       1.08
  id_stage_i/genblk2_0__decoder_i/n399 (net)
                                                4        0.006                                              0.000      8.403 r    [0.00,0.01]                           
  id_stage_i/genblk2_0__decoder_i/u135/C (ND4M2UM)                 0.000     0.193     0.000                0.000 *    8.403 r    (177.84,378.60)                       1.08
  id_stage_i/genblk2_0__decoder_i/u135/Z (ND4M2UM)                           0.252                          0.268      8.671 f    (178.25,378.83)                       1.08
  id_stage_i/genblk2_0__decoder_i/n222 (net)
                                                1        0.001                                              0.000      8.671 f    [0.00,0.00]                           
  id_stage_i/genblk2_0__decoder_i/u136/A3 (OA31M2UM)               0.000     0.252     0.000                0.000 *    8.671 f    (178.09,381.57)                       1.08
  id_stage_i/genblk2_0__decoder_i/u136/Z (OA31M2UM)                          0.144                          0.467      9.138 f    (178.85,381.34)                       1.08
  id_stage_i/genblk2_0__decoder_i/n275 (net)
                                                2        0.003                                              0.000      9.138 f    [0.00,0.00]                           
  id_stage_i/genblk2_0__decoder_i/u137/B (OAI31M2UM)               0.000     0.144     0.000                0.000 *    9.138 f    (180.91,381.49)                       1.08
  id_stage_i/genblk2_0__decoder_i/u137/Z (OAI31M2UM)                         0.374                          0.168      9.306 r    (181.00,381.55)                       1.08
  id_stage_i/genblk2_0__decoder_i/n317 (net)
                                                2        0.003                                              0.000      9.306 r    [0.00,0.00]                           
  id_stage_i/genblk2_0__decoder_i/u138/B2 (OAI32M2UM)              0.000     0.374     0.000                0.000 *    9.306 r    (179.66,382.97)                       1.08
  id_stage_i/genblk2_0__decoder_i/u138/Z (OAI32M2UM)                         0.278                          0.355      9.661 f    (180.50,383.04)                       1.08
  id_stage_i/genblk2_0__decoder_i/n230 (net)
                                                1        0.002                                              0.000      9.661 f    [0.00,0.00]                           
  id_stage_i/genblk2_0__decoder_i/u144/A (ND3M2UM)                 0.000     0.278     0.000                0.000 *    9.661 f    (177.33,385.58)                       1.08
  id_stage_i/genblk2_0__decoder_i/u144/Z (ND3M2UM)                           0.380                          0.303      9.964 r    (177.36,385.77)                       1.08
  id_stage_i/genblk2_0__decoder_i/n231 (net)
                                                1        0.006                                              0.000      9.964 r    [0.00,0.01]                           
  id_stage_i/genblk2_0__decoder_i/u145/C (OAI211M8UM)              0.000     0.380     0.000                0.000 *    9.964 r    (171.70,374.47)                       1.08
  id_stage_i/genblk2_0__decoder_i/u145/Z (OAI211M8UM)                        0.702                          0.610     10.575 f    (171.84,374.66)                       1.08
  id_stage_i/genblk2_0__decoder_i/instruction_o[234] (net)
                                               14        0.037                                              0.000     10.575 f    [0.02,0.04]                           
  id_stage_i/genblk2_0__decoder_i/u151/B (AOI21M4UM)               0.000     0.702     0.000                0.000 *   10.575 f    (169.59,367.46)                       1.08
  id_stage_i/genblk2_0__decoder_i/u151/Z (AOI21M4UM)                         0.270                          0.338     10.912 r    (169.47,367.33)                       1.08
  id_stage_i/genblk2_0__decoder_i/n413 (net)
                                                2        0.003                                              0.000     10.912 r    [0.00,0.00]                           
  id_stage_i/genblk2_0__decoder_i/u152/B (OAI21M4UM)               0.000     0.270     0.000                0.000 *   10.912 r    (168.69,366.11)                       1.08
  id_stage_i/genblk2_0__decoder_i/u152/Z (OAI21M4UM)                         0.351                          0.325     11.237 f    (168.75,366.17)                       1.08
  id_stage_i/genblk2_0__decoder_i/n261 (net)
                                                7        0.013                                              0.000     11.237 f    [0.00,0.01]                           
  id_stage_i/genblk2_0__decoder_i/u157/A (INVM4UM)                 0.000     0.351     0.000                0.000 *   11.237 f    (176.42,360.50)                       1.08
  id_stage_i/genblk2_0__decoder_i/u157/Z (INVM4UM)                           0.203                          0.258     11.495 r    (176.64,360.50)                       1.08
  id_stage_i/genblk2_0__decoder_i/n248 (net)
                                                5        0.011                                              0.000     11.495 r    [0.00,0.01]                           
  id_stage_i/genblk2_0__decoder_i/u164/A2 (AOI21M4UM)              0.000     0.203     0.000                0.000 *   11.495 r    (181.48,361.90)                       1.08
  id_stage_i/genblk2_0__decoder_i/u164/Z (AOI21M4UM)                         0.436                          0.367     11.862 f    (182.16,361.73)                       1.08
  id_stage_i/genblk2_0__decoder_i/n246 (net)
                                                8        0.017                                              0.000     11.862 f    [0.01,0.02]                           
  id_stage_i/genblk2_0__decoder_i/u166/A (NR2M6UM)                 0.000     0.436     0.000                0.000 *   11.862 f    (186.37,357.66)                       1.08
  id_stage_i/genblk2_0__decoder_i/u166/Z (NR2M6UM)                           0.193                          0.300     12.162 r    (185.70,357.56)                       1.08
  id_stage_i/genblk2_0__decoder_i/n255 (net)
                                                2        0.006                                              0.000     12.162 r    [0.00,0.01]                           
  id_stage_i/genblk2_0__decoder_i/u167/B (ND2M6UM)                 0.000     0.193     0.000                0.000 *   12.163 r    (183.07,357.59)                       1.08
  id_stage_i/genblk2_0__decoder_i/u167/Z (ND2M6UM)                           0.210                          0.216     12.379 f    (183.85,357.54)                       1.08
  id_stage_i/genblk2_0__decoder_i/n258 (net)
                                                9        0.013                                              0.000     12.379 f    [0.00,0.01]                           
  id_stage_i/genblk2_0__decoder_i/u30/B (OAI21M2UM)                0.000     0.210     0.000                0.000 *   12.379 f    (179.06,356.30)                       1.08
  id_stage_i/genblk2_0__decoder_i/u30/Z (OAI21M2UM)                          0.792                          0.394     12.773 r    (179.12,356.34)                       1.08
  id_stage_i/genblk2_0__decoder_i/instruction_o[188] (net)
                                                2        0.012                                              0.000     12.773 r    [0.01,0.01]                           
  id_stage_i/genblk2_0__decoder_i/instruction_o[188] (decoder__569949_1)                                    0.000     12.773 r    (netlink)                             
  id_stage_i/decoded_instruction[58] (net)               0.012                                              0.000     12.773 r    [0.01,0.01]                           
  id_stage_i/u41/A (CKMUX2M2UM)                                    0.000     0.792     0.000                0.000 *   12.773 r    (175.70,333.93)                       1.08
  id_stage_i/u41/Z (CKMUX2M2UM)                                              0.118                          0.572     13.345 r    (176.09,333.80)                       1.08
  id_stage_i/net72013 (net)                     1        0.001                                              0.000     13.345 r    [0.00,0.00]                           
  id_stage_i/issue_q_reg_1__sbe__result__12_/D (DFQRM2UM)          0.000     0.118     0.000                0.000 *   13.345 r    (176.71,331.10)        so             1.08
  data arrival time                                                                                                   13.345                                            

  clock fast_vfo_clk (rise edge)                                                                           14.250     14.250                                            
  clock network delay (ideal)                                                                               0.000     14.250                                            
  clock uncertainty                                                                                        -0.785     13.465                                            
  id_stage_i/issue_q_reg_1__sbe__result__12_/CK (DFQRM2UM)                                                  0.000     13.465 r                                          
  library setup time                                                                                       -0.120     13.345                                            
  data required time                                                                                                  13.345                                            
  ------------------------------------------------------------------------------------------------------------------------------------------------------------------------------
  data required time                                                                                                  13.345                                            
  data arrival time                                                                                                  -13.345                                            
  ------------------------------------------------------------------------------------------------------------------------------------------------------------------------------
  slack (MET)                                                                                                          0.000                                            


1
