 
****************************************
Report : timing
        -path full_clock
        -delay min
        -physical
        -derate
        -input_pins
        -nets
        -max_paths 1
        -transition_time
        -crosstalk_delta
        -capacitance
Design : cva6
Scenario(s): mode_norm_ws0_wc_125
Version: S-2021.06-SP4
Date   : Thu Nov 14 12:00:07 2024
****************************************

 * Some/all delay information is back-annotated.

 # A fanout number of 1000 was used for high fanout net computations.
Wire Load Model Mode: Inactive.

  Startpoint: gen_cache_hpd_i_cache_subsystem/i_axi_arbiter/genblk1_i_icache_hpdcache_data_upsize/buf_q_reg_0__1__41_
              (rising edge-triggered flip-flop clocked by fast_vfo_clk)
  Endpoint: gen_cache_hpd_i_cache_subsystem/i_cva6_icache/gen_sram_1__data_sram/gen_techno_cut_genblk1_i_tc_sram_wrapper/gen_64numwords_gen_256datawidth_gen_no_byte_access_i_syhvtfa55_64x64x1cm2_3
            (rising edge-triggered flip-flop clocked by fast_vfo_clk)
  Scenario: mode_norm_ws0_wc_125
  Path Group: fast_vfo_clk
  Path Type: min

Attributes:
    d - dont_touch
    u - dont_use
   mo - map_only
   so - size_only
    i - ideal_net or ideal_network
  inf - infeasible path

  Point                                       Fanout       Cap     DTran     Trans     Delta     Derate      Incr       Path      Location / Load        Attributes     Voltage
  ------------------------------------------------------------------------------------------------------------------------------------------------------------------------------
  clock fast_vfo_clk (rise edge)                                                                            0.000      0.000                                            
  clock network delay (ideal)                                                                               0.000      0.000                                            
  gen_cache_hpd_i_cache_subsystem/i_axi_arbiter/genblk1_i_icache_hpdcache_data_upsize/buf_q_reg_0__1__41_/CK (DFQRM8UM)
                                                                   0.000     0.000     0.000                0.000      0.000 r    (56.80,301.68)         so i           1.08
  gen_cache_hpd_i_cache_subsystem/i_axi_arbiter/genblk1_i_icache_hpdcache_data_upsize/buf_q_reg_0__1__41_/Q (DFQRM8UM)
                                                                             0.144                          0.478      0.478 f    (61.83,301.66)         so             1.08
  gen_cache_hpd_i_cache_subsystem/i_axi_arbiter/genblk1_i_icache_hpdcache_data_upsize/rdata_o[105] (net)
                                                3        0.024                                              0.000      0.478 f    [0.02,0.02]                           
  gen_cache_hpd_i_cache_subsystem/i_axi_arbiter/genblk1_i_icache_hpdcache_data_upsize/rdata_o[105] (hpdcache_data_upsize_s00000040_s00000080_1)
                                                                                                            0.000      0.478 f    (netlink)                             
  gen_cache_hpd_i_cache_subsystem/i_axi_arbiter/icache_miss_resp_o[250] (net)
                                                         0.024                                              0.000      0.478 f    [0.02,0.02]                           
  gen_cache_hpd_i_cache_subsystem/i_axi_arbiter/icache_miss_resp_o[250] (cva6_hpdcache_subsystem_axi_arbiter_00000040_00000040_00000004_00000020_092242)
                                                                                                            0.000      0.478 f    (netlink)                             
  gen_cache_hpd_i_cache_subsystem/icache_miss_resp[105] (net)
                                                         0.024                                              0.000      0.478 f    [0.02,0.02]                           
  gen_cache_hpd_i_cache_subsystem/i_cva6_icache/mem_rtrn_i[250] (cva6_icache_8_497242)                      0.000      0.478 f    (netlink)                             
  gen_cache_hpd_i_cache_subsystem/i_cva6_icache/mem_rtrn_i[250] (net)
                                                         0.024                                              0.000      0.478 f    [0.02,0.02]                           
  gen_cache_hpd_i_cache_subsystem/i_cva6_icache/gen_sram_1__data_sram/wdata_i[105] (sram_cache_00000080_00000080_00000001_64_0_1_0)
                                                                                                            0.000      0.478 f    (netlink)                             
  gen_cache_hpd_i_cache_subsystem/i_cva6_icache/gen_sram_1__data_sram/wdata_i[105] (net)
                                                         0.024                                              0.000      0.478 f    [0.02,0.02]                           
  gen_cache_hpd_i_cache_subsystem/i_cva6_icache/gen_sram_1__data_sram/gen_techno_cut_genblk1_i_tc_sram_wrapper/wdata_i[233] (tc_sram_wrapper_cache_techno_64_00000100_00000008_00000001_00000001_none_0_0_0)
                                                                                                            0.000      0.478 f    (netlink)                             
  gen_cache_hpd_i_cache_subsystem/i_cva6_icache/gen_sram_1__data_sram/gen_techno_cut_genblk1_i_tc_sram_wrapper/wdata_i[233] (net)
                                                         0.024                                              0.000      0.478 f    [0.02,0.02]                           
  gen_cache_hpd_i_cache_subsystem/i_cva6_icache/gen_sram_1__data_sram/gen_techno_cut_genblk1_i_tc_sram_wrapper/gen_64numwords_gen_256datawidth_gen_no_byte_access_i_syhvtfa55_64x64x1cm2_3/DI[41] (SYHVTFA55_64X64X1CM2)
                                                                   0.000     0.072     0.000                0.001 *    0.479 f    (29.27,308.00)         d              1.08
  data arrival time                                                                                                    0.479                                            

  clock fast_vfo_clk (rise edge)                                                                            0.000      0.000                                            
  clock network delay (ideal)                                                                               0.000      0.000                                            
  clock uncertainty                                                                                         0.785      0.785                                            
  gen_cache_hpd_i_cache_subsystem/i_cva6_icache/gen_sram_1__data_sram/gen_techno_cut_genblk1_i_tc_sram_wrapper/gen_64numwords_gen_256datawidth_gen_no_byte_access_i_syhvtfa55_64x64x1cm2_3/CK (SYHVTFA55_64X64X1CM2)
                                                                                                            0.000      0.785 r                                          
  library hold time                                                                                         0.170      0.955                                            
  data required time                                                                                                   0.955                                            
  ------------------------------------------------------------------------------------------------------------------------------------------------------------------------------
  data required time                                                                                                   0.955                                            
  data arrival time                                                                                                   -0.479                                            
  ------------------------------------------------------------------------------------------------------------------------------------------------------------------------------
  slack (VIOLATED)                                                                                                    -0.476                                            


1
