Copyright 1986-2020 Xilinx, Inc. All Rights Reserved.
---------------------------------------------------------------------------------------------------------------------------------------
| Tool Version : Vivado v.2020.1.1 (lin64) Build 2960000 Wed Aug  5 22:57:21 MDT 2020
| Date         : Thu Mar 26 10:34:07 2026
| Host         : jonathan-nuc10i7fnk running 64-bit KDE neon Unstable Edition
| Command      : report_utilization -file gig_ethernet_pcs_pma_0_utilization_synth.rpt -pb gig_ethernet_pcs_pma_0_utilization_synth.pb
| Design       : gig_ethernet_pcs_pma_0
| Device       : 7vx485tffg1761-2
| Design State : Synthesized
---------------------------------------------------------------------------------------------------------------------------------------

Utilization Design Information

Table of Contents
-----------------
1. Slice Logic
1.1 Summary of Registers by Type
2. Memory
3. DSP
4. IO and GT Specific
5. Clocking
6. Specific Feature
7. Primitives
8. Black Boxes
9. Instantiated Netlists

1. Slice Logic
--------------

+----------------------------+------+-------+-----------+-------+
|          Site Type         | Used | Fixed | Available | Util% |
+----------------------------+------+-------+-----------+-------+
| Slice LUTs*                |  654 |     0 |    303600 |  0.22 |
|   LUT as Logic             |  597 |     0 |    303600 |  0.20 |
|   LUT as Memory            |   57 |     0 |    130800 |  0.04 |
|     LUT as Distributed RAM |   40 |     0 |           |       |
|     LUT as Shift Register  |   17 |     0 |           |       |
| Slice Registers            | 1214 |     0 |    607200 |  0.20 |
|   Register as Flip Flop    | 1214 |     0 |    607200 |  0.20 |
|   Register as Latch        |    0 |     0 |    607200 |  0.00 |
| F7 Muxes                   |    0 |     0 |    151800 |  0.00 |
| F8 Muxes                   |    0 |     0 |     75900 |  0.00 |
+----------------------------+------+-------+-----------+-------+
* Warning! The Final LUT count, after physical optimizations and full implementation, is typically lower. Run opt_design after synthesis, if not already completed, for a more realistic count.


1.1 Summary of Registers by Type
--------------------------------

+-------+--------------+-------------+--------------+
| Total | Clock Enable | Synchronous | Asynchronous |
+-------+--------------+-------------+--------------+
| 0     |            _ |           - |            - |
| 0     |            _ |           - |          Set |
| 0     |            _ |           - |        Reset |
| 0     |            _ |         Set |            - |
| 0     |            _ |       Reset |            - |
| 0     |          Yes |           - |            - |
| 56    |          Yes |           - |          Set |
| 18    |          Yes |           - |        Reset |
| 54    |          Yes |         Set |            - |
| 1086  |          Yes |       Reset |            - |
+-------+--------------+-------------+--------------+


2. Memory
---------

+----------------+------+-------+-----------+-------+
|    Site Type   | Used | Fixed | Available | Util% |
+----------------+------+-------+-----------+-------+
| Block RAM Tile |    0 |     0 |      1030 |  0.00 |
|   RAMB36/FIFO* |    0 |     0 |      1030 |  0.00 |
|   RAMB18       |    0 |     0 |      2060 |  0.00 |
+----------------+------+-------+-----------+-------+
* Note: Each Block RAM Tile only has one FIFO logic available and therefore can accommodate only one FIFO36E1 or one FIFO18E1. However, if a FIFO18E1 occupies a Block RAM Tile, that tile can still accommodate a RAMB18E1


3. DSP
------

+-----------+------+-------+-----------+-------+
| Site Type | Used | Fixed | Available | Util% |
+-----------+------+-------+-----------+-------+
| DSPs      |    0 |     0 |      2800 |  0.00 |
+-----------+------+-------+-----------+-------+


4. IO and GT Specific
---------------------

+-----------------------------+------+-------+-----------+-------+
|          Site Type          | Used | Fixed | Available | Util% |
+-----------------------------+------+-------+-----------+-------+
| Bonded IOB                  |    0 |     0 |       700 |  0.00 |
| Bonded IPADs                |    2 |     0 |        86 |  2.33 |
| Bonded OPADs                |    0 |     0 |        56 |  0.00 |
| PHY_CONTROL                 |    0 |     0 |        14 |  0.00 |
| PHASER_REF                  |    0 |     0 |        14 |  0.00 |
| OUT_FIFO                    |    0 |     0 |        56 |  0.00 |
| IN_FIFO                     |    0 |     0 |        56 |  0.00 |
| IDELAYCTRL                  |    0 |     0 |        14 |  0.00 |
| IBUFDS                      |    0 |     0 |       672 |  0.00 |
| GTXE2_COMMON                |    1 |     0 |         7 | 14.29 |
| GTXE2_CHANNEL               |    1 |     0 |        28 |  3.57 |
| PHASER_OUT/PHASER_OUT_PHY   |    0 |     0 |        56 |  0.00 |
| PHASER_IN/PHASER_IN_PHY     |    0 |     0 |        56 |  0.00 |
| IDELAYE2/IDELAYE2_FINEDELAY |    0 |     0 |       700 |  0.00 |
| ODELAYE2/ODELAYE2_FINEDELAY |    0 |     0 |       700 |  0.00 |
| IBUFDS_GTE2                 |    1 |     0 |        14 |  7.14 |
| ILOGIC                      |    0 |     0 |       700 |  0.00 |
| OLOGIC                      |    0 |     0 |       700 |  0.00 |
+-----------------------------+------+-------+-----------+-------+


5. Clocking
-----------

+------------+------+-------+-----------+-------+
|  Site Type | Used | Fixed | Available | Util% |
+------------+------+-------+-----------+-------+
| BUFGCTRL   |    5 |     0 |        32 | 15.63 |
| BUFIO      |    0 |     0 |        56 |  0.00 |
| MMCME2_ADV |    1 |     0 |        14 |  7.14 |
| PLLE2_ADV  |    0 |     0 |        14 |  0.00 |
| BUFMRCE    |    0 |     0 |        28 |  0.00 |
| BUFHCE     |    0 |     0 |       168 |  0.00 |
| BUFR       |    0 |     0 |        56 |  0.00 |
+------------+------+-------+-----------+-------+


6. Specific Feature
-------------------

+-------------+------+-------+-----------+-------+
|  Site Type  | Used | Fixed | Available | Util% |
+-------------+------+-------+-----------+-------+
| BSCANE2     |    0 |     0 |         4 |  0.00 |
| CAPTUREE2   |    0 |     0 |         1 |  0.00 |
| DNA_PORT    |    0 |     0 |         1 |  0.00 |
| EFUSE_USR   |    0 |     0 |         1 |  0.00 |
| FRAME_ECCE2 |    0 |     0 |         1 |  0.00 |
| ICAPE2      |    0 |     0 |         2 |  0.00 |
| PCIE_2_1    |    0 |     0 |         4 |  0.00 |
| STARTUPE2   |    0 |     0 |         1 |  0.00 |
| XADC        |    0 |     0 |         1 |  0.00 |
+-------------+------+-------+-----------+-------+


7. Primitives
-------------

+---------------+------+---------------------+
|    Ref Name   | Used | Functional Category |
+---------------+------+---------------------+
| FDRE          | 1086 |        Flop & Latch |
| LUT6          |  163 |                 LUT |
| LUT4          |  142 |                 LUT |
| LUT5          |  140 |                 LUT |
| LUT3          |  130 |                 LUT |
| LUT2          |   88 |                 LUT |
| LUT1          |   67 |                 LUT |
| CARRY4        |   61 |          CarryLogic |
| FDPE          |   56 |        Flop & Latch |
| FDSE          |   54 |        Flop & Latch |
| RAMD64E       |   40 |  Distributed Memory |
| FDCE          |   18 |        Flop & Latch |
| SRL16E        |   10 |  Distributed Memory |
| SRLC32E       |    7 |  Distributed Memory |
| BUFG          |    5 |               Clock |
| MMCME2_ADV    |    1 |               Clock |
| IBUFDS_GTE2   |    1 |                  IO |
| GTXE2_COMMON  |    1 |                  IO |
| GTXE2_CHANNEL |    1 |                  IO |
+---------------+------+---------------------+


8. Black Boxes
--------------

+----------+------+
| Ref Name | Used |
+----------+------+


9. Instantiated Netlists
------------------------

+----------+------+
| Ref Name | Used |
+----------+------+


